Archive member included to satisfy reference by file (symbol)

d:/atmel/7.0/toolchain/arm/arm-gnu-toolchain/bin/../lib/gcc/arm-none-eabi/6.2.1/thumb/v6-m\libgcc.a(_udivsi3.o)
                              src/ASF/sam0/drivers/nvm/nvm.o (__aeabi_uidiv)
d:/atmel/7.0/toolchain/arm/arm-gnu-toolchain/bin/../lib/gcc/arm-none-eabi/6.2.1/thumb/v6-m\libgcc.a(_dvmd_tls.o)
                              d:/atmel/7.0/toolchain/arm/arm-gnu-toolchain/bin/../lib/gcc/arm-none-eabi/6.2.1/thumb/v6-m\libgcc.a(_udivsi3.o) (__aeabi_idiv0)
d:/atmel/7.0/toolchain/arm/arm-gnu-toolchain/bin/../lib/gcc/arm-none-eabi/6.2.1/thumb/v6-m\libgcc.a(_muldi3.o)
                              src/ASF/sam0/drivers/sercom/sercom.o (__aeabi_lmul)
d:/atmel/7.0/toolchain/arm/arm-gnu-toolchain/bin/../lib/gcc/arm-none-eabi/6.2.1/thumb/v6-m\libgcc.a(fixsfsi.o)
                              src/main.o (__aeabi_f2iz)
d:/atmel/7.0/toolchain/arm/arm-gnu-toolchain/bin/../lib/gcc/arm-none-eabi/6.2.1/thumb/v6-m\libgcc.a(muldf3.o)
                              src/main.o (__aeabi_dmul)
d:/atmel/7.0/toolchain/arm/arm-gnu-toolchain/bin/../lib/gcc/arm-none-eabi/6.2.1/thumb/v6-m\libgcc.a(subdf3.o)
                              src/main.o (__aeabi_dsub)
d:/atmel/7.0/toolchain/arm/arm-gnu-toolchain/bin/../lib/gcc/arm-none-eabi/6.2.1/thumb/v6-m\libgcc.a(floatunsidf.o)
                              src/main.o (__aeabi_ui2d)
d:/atmel/7.0/toolchain/arm/arm-gnu-toolchain/bin/../lib/gcc/arm-none-eabi/6.2.1/thumb/v6-m\libgcc.a(truncdfsf2.o)
                              src/main.o (__aeabi_d2f)
d:/atmel/7.0/toolchain/arm/arm-gnu-toolchain/bin/../lib/gcc/arm-none-eabi/6.2.1/thumb/v6-m\libgcc.a(_clzsi2.o)
                              d:/atmel/7.0/toolchain/arm/arm-gnu-toolchain/bin/../lib/gcc/arm-none-eabi/6.2.1/thumb/v6-m\libgcc.a(muldf3.o) (__clzsi2)
d:/atmel/7.0/toolchain/arm/arm-gnu-toolchain/bin/../lib/gcc/arm-none-eabi/6.2.1/../../../../arm-none-eabi/lib/thumb/v6-m\libc_nano.a(lib_a-exit.o)
                              d:/atmel/7.0/toolchain/arm/arm-gnu-toolchain/bin/../lib/gcc/arm-none-eabi/6.2.1/../../../../arm-none-eabi/lib/thumb/v6-m/crt0.o (exit)
d:/atmel/7.0/toolchain/arm/arm-gnu-toolchain/bin/../lib/gcc/arm-none-eabi/6.2.1/../../../../arm-none-eabi/lib/thumb/v6-m\libc_nano.a(lib_a-impure.o)
                              d:/atmel/7.0/toolchain/arm/arm-gnu-toolchain/bin/../lib/gcc/arm-none-eabi/6.2.1/../../../../arm-none-eabi/lib/thumb/v6-m\libc_nano.a(lib_a-exit.o) (_global_impure_ptr)
d:/atmel/7.0/toolchain/arm/arm-gnu-toolchain/bin/../lib/gcc/arm-none-eabi/6.2.1/../../../../arm-none-eabi/lib/thumb/v6-m\libc_nano.a(lib_a-init.o)
                              d:/atmel/7.0/toolchain/arm/arm-gnu-toolchain/bin/../lib/gcc/arm-none-eabi/6.2.1/../../../../arm-none-eabi/lib/thumb/v6-m/crt0.o (__libc_init_array)
d:/atmel/7.0/toolchain/arm/arm-gnu-toolchain/bin/../lib/gcc/arm-none-eabi/6.2.1/../../../../arm-none-eabi/lib/thumb/v6-m\libc_nano.a(lib_a-malloc.o)
                              src/eeprom_driver.o (malloc)
d:/atmel/7.0/toolchain/arm/arm-gnu-toolchain/bin/../lib/gcc/arm-none-eabi/6.2.1/../../../../arm-none-eabi/lib/thumb/v6-m\libc_nano.a(lib_a-memcpy-stub.o)
                              src/ASF/sam0/drivers/adc/adc_sam_d_r_h/adc.o (memcpy)
d:/atmel/7.0/toolchain/arm/arm-gnu-toolchain/bin/../lib/gcc/arm-none-eabi/6.2.1/../../../../arm-none-eabi/lib/thumb/v6-m\libc_nano.a(lib_a-memset.o)
                              d:/atmel/7.0/toolchain/arm/arm-gnu-toolchain/bin/../lib/gcc/arm-none-eabi/6.2.1/../../../../arm-none-eabi/lib/thumb/v6-m/crt0.o (memset)
d:/atmel/7.0/toolchain/arm/arm-gnu-toolchain/bin/../lib/gcc/arm-none-eabi/6.2.1/../../../../arm-none-eabi/lib/thumb/v6-m\libc_nano.a(lib_a-nano-freer.o)
                              d:/atmel/7.0/toolchain/arm/arm-gnu-toolchain/bin/../lib/gcc/arm-none-eabi/6.2.1/../../../../arm-none-eabi/lib/thumb/v6-m\libc_nano.a(lib_a-malloc.o) (_free_r)
d:/atmel/7.0/toolchain/arm/arm-gnu-toolchain/bin/../lib/gcc/arm-none-eabi/6.2.1/../../../../arm-none-eabi/lib/thumb/v6-m\libc_nano.a(lib_a-nano-mallocr.o)
                              d:/atmel/7.0/toolchain/arm/arm-gnu-toolchain/bin/../lib/gcc/arm-none-eabi/6.2.1/../../../../arm-none-eabi/lib/thumb/v6-m\libc_nano.a(lib_a-malloc.o) (_malloc_r)
d:/atmel/7.0/toolchain/arm/arm-gnu-toolchain/bin/../lib/gcc/arm-none-eabi/6.2.1/../../../../arm-none-eabi/lib/thumb/v6-m\libc_nano.a(lib_a-printf.o)
                              src/main.o (printf)
d:/atmel/7.0/toolchain/arm/arm-gnu-toolchain/bin/../lib/gcc/arm-none-eabi/6.2.1/../../../../arm-none-eabi/lib/thumb/v6-m\libc_nano.a(lib_a-puts.o)
                              src/main.o (puts)
d:/atmel/7.0/toolchain/arm/arm-gnu-toolchain/bin/../lib/gcc/arm-none-eabi/6.2.1/../../../../arm-none-eabi/lib/thumb/v6-m\libc_nano.a(lib_a-sbrkr.o)
                              d:/atmel/7.0/toolchain/arm/arm-gnu-toolchain/bin/../lib/gcc/arm-none-eabi/6.2.1/../../../../arm-none-eabi/lib/thumb/v6-m\libc_nano.a(lib_a-nano-mallocr.o) (_sbrk_r)
[...]
Memory Configuration

Name             Origin             Length             Attributes
rom              0x00000000         0x00040000         xr
ram              0x20000000         0x00008000         xrw
*default*        0x00000000         0xffffffff

Linker script and memory map

LOAD d:/atmel/7.0/toolchain/arm/arm-gnu-toolchain/bin/../lib/gcc/arm-none-eabi/6.2.1/thumb/v6-m/crti.o
LOAD d:/atmel/7.0/toolchain/arm/arm-gnu-toolchain/bin/../lib/gcc/arm-none-eabi/6.2.1/thumb/v6-m/crtbegin.o
LOAD d:/atmel/7.0/toolchain/arm/arm-gnu-toolchain/bin/../lib/gcc/arm-none-eabi/6.2.1/../../../../arm-none-eabi/lib/thumb/v6-m/crt0.o
LOAD src/adc_driver.o
LOAD src/eeprom_driver.o
LOAD src/pwm_driver.o
LOAD src/tcc_driver.o
LOAD src/usart_driver.o
LOAD src/ASF/common/utils/interrupt/interrupt_sam_nvic.o
LOAD src/ASF/sam0/boards/samd21_xplained_pro/board_init.o
LOAD src/ASF/sam0/drivers/adc/adc_sam_d_r_h/adc.o
LOAD src/ASF/sam0/drivers/adc/adc_sam_d_r_h/adc_callback.o
LOAD src/ASF/sam0/drivers/bod/bod_sam_d_r_h/bod.o
LOAD src/ASF/sam0/drivers/nvm/nvm.o
LOAD src/ASF/sam0/drivers/port/port.o
LOAD src/ASF/sam0/drivers/sercom/sercom.o
LOAD src/ASF/sam0/drivers/sercom/sercom_interrupt.o
LOAD src/ASF/sam0/drivers/sercom/usart/usart.o
LOAD src/ASF/sam0/drivers/sercom/usart/usart_interrupt.o
LOAD src/ASF/sam0/drivers/system/clock/clock_samd21_r21_da_ha1/clock.o
LOAD src/ASF/sam0/drivers/system/clock/clock_samd21_r21_da_ha1/gclk.o
LOAD src/ASF/sam0/drivers/system/interrupt/system_interrupt.o
LOAD src/ASF/sam0/drivers/system/pinmux/pinmux.o
LOAD src/ASF/sam0/drivers/system/system.o
LOAD src/ASF/sam0/drivers/tcc/tcc.o
LOAD src/ASF/sam0/drivers/tcc/tcc_callback.o
LOAD src/ASF/sam0/services/eeprom/emulator/main_array/eeprom.o
LOAD src/ASF/sam0/utils/cmsis/samd21/source/gcc/startup_samd21.o
LOAD src/ASF/sam0/utils/cmsis/samd21/source/system_samd21.o
LOAD src/ASF/sam0/utils/stdio/read.o
LOAD src/ASF/sam0/utils/stdio/write.o
LOAD src/ASF/sam0/utils/syscalls/gcc/syscalls.o
LOAD src/main.o
START GROUP
LOAD ../src/ASF/thirdparty/CMSIS/Lib/GCC\libarm_cortexM0l_math.a
LOAD d:/atmel/7.0/toolchain/arm/arm-gnu-toolchain/bin/../lib/gcc/arm-none-eabi/6.2.1/../../../../arm-none-eabi/lib/thumb/v6-m\libm.a
END GROUP
START GROUP
LOAD d:/atmel/7.0/toolchain/arm/arm-gnu-toolchain/bin/../lib/gcc/arm-none-eabi/6.2.1/thumb/v6-m\libgcc.a
LOAD d:/atmel/7.0/toolchain/arm/arm-gnu-toolchain/bin/../lib/gcc/arm-none-eabi/6.2.1/../../../../arm-none-eabi/lib/thumb/v6-m\libc_nano.a
END GROUP
START GROUP
LOAD d:/atmel/7.0/toolchain/arm/arm-gnu-toolchain/bin/../lib/gcc/arm-none-eabi/6.2.1/thumb/v6-m\libgcc.a
LOAD d:/atmel/7.0/toolchain/arm/arm-gnu-toolchain/bin/../lib/gcc/arm-none-eabi/6.2.1/../../../../arm-none-eabi/lib/thumb/v6-m\libc_nano.a
END GROUP
LOAD d:/atmel/7.0/toolchain/arm/arm-gnu-toolchain/bin/../lib/gcc/arm-none-eabi/6.2.1/thumb/v6-m/crtend.o
LOAD d:/atmel/7.0/toolchain/arm/arm-gnu-toolchain/bin/../lib/gcc/arm-none-eabi/6.2.1/thumb/v6-m/crtn.o
                0x00002000                STACK_SIZE = DEFINED (STACK_SIZE)?STACK_SIZE:DEFINED (__stack_size__)?__stack_size__:0x2000

.text           0x00000000     0x570c
                0x00000000                . = ALIGN (0x4)
                0x00000000                _sfixed = .
 *(.vectors .vectors.*)
 .vectors       0x00000000       0xb4 src/ASF/sam0/utils/cmsis/samd21/source/gcc/startup_samd21.o
                0x00000000                exception_table
 *(.text .text.* .gnu.linkonce.t.*)
 .text          0x000000b4       0x60 d:/atmel/7.0/toolchain/arm/arm-gnu-toolchain/bin/../lib/gcc/arm-none-eabi/6.2.1/thumb/v6-m/crtbegin.o
 .text.adcConfig
                0x00000114       0x94 src/adc_driver.o
                0x00000114                adcConfig
 .text.read     0x000001a8       0x64 src/adc_driver.o
                0x000001a8                read
 .text.configure_eeprom
                0x0000020c       0x24 src/eeprom_driver.o
                0x0000020c                configure_eeprom
 .text.SYSCTRL_Handler
                0x00000230       0x24 src/eeprom_driver.o
                0x00000230                SYSCTRL_Handler
 .text.configure_bod
                0x00000254       0x48 src/eeprom_driver.o
                0x00000254                configure_bod
 .text.write_eeprom
                0x0000029c       0x48 src/eeprom_driver.o
                0x0000029c                write_eeprom
 .text.read_eeprom
                0x000002e4       0x38 src/eeprom_driver.o
                0x000002e4                read_eeprom
 .text.get_offset
                0x0000031c       0x18 src/eeprom_driver.o
                0x0000031c                get_offset
 .text.configure_pwm
                0x00000334       0x5c src/pwm_driver.o
                0x00000334                configure_pwm
 .text.set_pwm_compare_value
                0x00000390       0x18 src/pwm_driver.o
                0x00000390                set_pwm_compare_value
 .text.configure_tcc
                0x000003a8       0x54 src/tcc_driver.o
                0x000003a8                configure_tcc
 .text.configure_tcc_callbacks
                0x000003fc       0x28 src/tcc_driver.o
                0x000003fc                configure_tcc_callbacks
 .text.getTime  0x00000424       0x14 src/tcc_driver.o
                0x00000424                getTime
 .text.setTime  0x00000438       0x14 src/tcc_driver.o
                0x00000438                setTime
 .text.usart_serial_getchar
                0x0000044c       0x2c src/usart_driver.o
 .text.usart_serial_putchar
                0x00000478       0x18 src/usart_driver.o
 .text.usartConfig
                0x00000490      0x108 src/usart_driver.o
                0x00000490                usartConfig
 .text.configure_usart_callbacks
                0x00000598       0x28 src/usart_driver.o
                0x00000598                configure_usart_callbacks
 .text.cpu_irq_enter_critical
                0x000005c0       0x40 src/ASF/common/utils/interrupt/interrupt_sam_nvic.o
                0x000005c0                cpu_irq_enter_critical
 .text.cpu_irq_leave_critical
                0x00000600       0x30 src/ASF/common/utils/interrupt/interrupt_sam_nvic.o
                0x00000600                cpu_irq_leave_critical
 .text.system_board_init
                0x00000630       0x38 src/ASF/sam0/boards/samd21_xplained_pro/board_init.o
                0x00000630                board_init
                0x00000630                system_board_init
 .text.adc_get_config_defaults
                0x00000668       0x46 src/ASF/sam0/drivers/adc/adc_sam_d_r_h/adc.o
                0x00000668                adc_get_config_defaults
 *fill*         0x000006ae        0x2 
 .text.adc_init
                0x000006b0      0x428 src/ASF/sam0/drivers/adc/adc_sam_d_r_h/adc.o
                0x000006b0                adc_init
 .text.ADC_Handler
                0x00000ad8       0xc0 src/ASF/sam0/drivers/adc/adc_sam_d_r_h/adc_callback.o
                0x00000ad8                ADC_Handler
 .text.bod_set_config
                0x00000b98       0x74 src/ASF/sam0/drivers/bod/bod_sam_d_r_h/bod.o
                0x00000b98                bod_set_config
 .text.nvm_set_config
                0x00000c0c       0x88 src/ASF/sam0/drivers/nvm/nvm.o
                0x00000c0c                nvm_set_config
 .text.nvm_execute_command
                0x00000c94       0xa0 src/ASF/sam0/drivers/nvm/nvm.o
                0x00000c94                nvm_execute_command
 .text.nvm_write_buffer
                0x00000d34       0xa8 src/ASF/sam0/drivers/nvm/nvm.o
                0x00000d34                nvm_write_buffer
 .text.nvm_read_buffer
                0x00000ddc       0x6c src/ASF/sam0/drivers/nvm/nvm.o
                0x00000ddc                nvm_read_buffer
 .text.nvm_erase_row
                0x00000e48       0x5c src/ASF/sam0/drivers/nvm/nvm.o
                0x00000e48                nvm_erase_row
 .text.nvm_get_parameters
                0x00000ea4       0x58 src/ASF/sam0/drivers/nvm/nvm.o
                0x00000ea4                nvm_get_parameters
 .text.port_pin_set_config
                0x00000efc       0x24 src/ASF/sam0/drivers/port/port.o
                0x00000efc                port_pin_set_config
 .text.long_division
                0x00000f20       0xba src/ASF/sam0/drivers/sercom/sercom.o
 .text._sercom_get_sync_baud_val
                0x00000fda       0x28 src/ASF/sam0/drivers/sercom/sercom.o
                0x00000fda                _sercom_get_sync_baud_val
 *fill*         0x00001002        0x2 
 .text._sercom_get_async_baud_val
                0x00001004       0x94 src/ASF/sam0/drivers/sercom/sercom.o
                0x00001004                _sercom_get_async_baud_val
 .text.sercom_set_gclk_generator
                0x00001098       0x4c src/ASF/sam0/drivers/sercom/sercom.o
                0x00001098                sercom_set_gclk_generator
 .text._sercom_get_default_pad
                0x000010e4      0x178 src/ASF/sam0/drivers/sercom/sercom.o
                0x000010e4                _sercom_get_default_pad
 .text._sercom_get_sercom_inst_index
                0x0000125c       0x38 src/ASF/sam0/drivers/sercom/sercom.o
                0x0000125c                _sercom_get_sercom_inst_index
 .text._sercom_default_handler
                0x00001294        0x2 src/ASF/sam0/drivers/sercom/sercom_interrupt.o
 *fill*         0x00001296        0x2 
 .text._sercom_set_handler
                0x00001298       0x3c src/ASF/sam0/drivers/sercom/sercom_interrupt.o
                0x00001298                _sercom_set_handler
 .text._sercom_get_interrupt_vector
                0x000012d4       0x30 src/ASF/sam0/drivers/sercom/sercom_interrupt.o
                0x000012d4                _sercom_get_interrupt_vector
 .text.SERCOM0_Handler
                0x00001304       0x10 src/ASF/sam0/drivers/sercom/sercom_interrupt.o
                0x00001304                SERCOM0_Handler
 .text.SERCOM1_Handler
                0x00001314       0x10 src/ASF/sam0/drivers/sercom/sercom_interrupt.o
                0x00001314                SERCOM1_Handler
 .text.SERCOM2_Handler
                0x00001324       0x10 src/ASF/sam0/drivers/sercom/sercom_interrupt.o
                0x00001324                SERCOM2_Handler
 .text.SERCOM3_Handler
                0x00001334       0x10 src/ASF/sam0/drivers/sercom/sercom_interrupt.o
                0x00001334                SERCOM3_Handler
 .text.SERCOM4_Handler
                0x00001344       0x10 src/ASF/sam0/drivers/sercom/sercom_interrupt.o
                0x00001344                SERCOM4_Handler
 .text.SERCOM5_Handler
                0x00001354       0x10 src/ASF/sam0/drivers/sercom/sercom_interrupt.o
                0x00001354                SERCOM5_Handler
 .text.usart_init
                0x00001364      0x344 src/ASF/sam0/drivers/sercom/usart/usart.o
                0x00001364                usart_init
 .text.usart_write_wait
                0x000016a8       0x2c src/ASF/sam0/drivers/sercom/usart/usart.o
                0x000016a8                usart_write_wait
 .text.usart_read_wait
                0x000016d4       0x70 src/ASF/sam0/drivers/sercom/usart/usart.o
                0x000016d4                usart_read_wait
 .text._usart_read_buffer
                0x00001744       0x50 src/ASF/sam0/drivers/sercom/usart/usart_interrupt.o
                0x00001744                _usart_read_buffer
 .text.usart_register_callback
                0x00001794       0x18 src/ASF/sam0/drivers/sercom/usart/usart_interrupt.o
                0x00001794                usart_register_callback
 .text.usart_read_buffer_job
                0x000017ac       0x20 src/ASF/sam0/drivers/sercom/usart/usart_interrupt.o
                0x000017ac                usart_read_buffer_job
 .text._usart_interrupt_handler
                0x000017cc      0x194 src/ASF/sam0/drivers/sercom/usart/usart_interrupt.o
                0x000017cc                _usart_interrupt_handler
 .text.system_clock_source_get_hz
                0x00001960       0x90 src/ASF/sam0/drivers/system/clock/clock_samd21_r21_da_ha1/clock.o
                0x00001960                system_clock_source_get_hz
 .text.system_clock_source_osc8m_set_config
                0x000019f0       0x3c src/ASF/sam0/drivers/system/clock/clock_samd21_r21_da_ha1/clock.o
                0x000019f0                system_clock_source_osc8m_set_config
 .text.system_clock_source_xosc32k_set_config
                0x00001a2c       0xb8 src/ASF/sam0/drivers/system/clock/clock_samd21_r21_da_ha1/clock.o
                0x00001a2c                system_clock_source_xosc32k_set_config
 .text.system_clock_source_enable
                0x00001ae4       0xa8 src/ASF/sam0/drivers/system/clock/clock_samd21_r21_da_ha1/clock.o
                0x00001ae4                system_clock_source_enable
 .text.system_clock_init
                0x00001b8c       0xf0 src/ASF/sam0/drivers/system/clock/clock_samd21_r21_da_ha1/clock.o
                0x00001b8c                system_clock_init
 .text.system_gclk_init
                0x00001c7c       0x24 src/ASF/sam0/drivers/system/clock/clock_samd21_r21_da_ha1/gclk.o
                0x00001c7c                system_gclk_init
 .text.system_gclk_gen_set_config
                0x00001ca0       0xb8 src/ASF/sam0/drivers/system/clock/clock_samd21_r21_da_ha1/gclk.o
                0x00001ca0                system_gclk_gen_set_config
 .text.system_gclk_gen_enable
                0x00001d58       0x44 src/ASF/sam0/drivers/system/clock/clock_samd21_r21_da_ha1/gclk.o
                0x00001d58                system_gclk_gen_enable
 .text.system_gclk_gen_get_hz
                0x00001d9c       0x8c src/ASF/sam0/drivers/system/clock/clock_samd21_r21_da_ha1/gclk.o
                0x00001d9c                system_gclk_gen_get_hz
 .text.system_gclk_chan_enable
                0x00001e28       0x30 src/ASF/sam0/drivers/system/clock/clock_samd21_r21_da_ha1/gclk.o
                0x00001e28                system_gclk_chan_enable
 .text.system_gclk_chan_disable
                0x00001e58       0x5c src/ASF/sam0/drivers/system/clock/clock_samd21_r21_da_ha1/gclk.o
                0x00001e58                system_gclk_chan_disable
 .text.system_gclk_chan_set_config
                0x00001eb4       0x1c src/ASF/sam0/drivers/system/clock/clock_samd21_r21_da_ha1/gclk.o
                0x00001eb4                system_gclk_chan_set_config
 .text.system_gclk_chan_get_hz
                0x00001ed0       0x34 src/ASF/sam0/drivers/system/clock/clock_samd21_r21_da_ha1/gclk.o
                0x00001ed0                system_gclk_chan_get_hz
 .text._system_pinmux_config
                0x00001f04       0xa8 src/ASF/sam0/drivers/system/pinmux/pinmux.o
 .text.system_pinmux_pin_set_config
                0x00001fac       0x30 src/ASF/sam0/drivers/system/pinmux/pinmux.o
                0x00001fac                system_pinmux_pin_set_config
 .text._system_dummy_init
                0x00001fdc        0x2 src/ASF/sam0/drivers/system/system.o
                0x00001fdc                _system_extint_init
                0x00001fdc                _system_events_init
                0x00001fdc                _system_dummy_init
                0x00001fdc                _system_divas_init
 *fill*         0x00001fde        0x2 
 .text.system_init
                0x00001fe0       0x2c src/ASF/sam0/drivers/system/system.o
                0x00001fe0                system_init
 .text._tcc_get_inst_index
                0x0000200c       0x34 src/ASF/sam0/drivers/tcc/tcc.o
                0x0000200c                _tcc_get_inst_index
 .text._tcc_set_compare_value
                0x00002040       0x74 src/ASF/sam0/drivers/tcc/tcc.o
 .text.tcc_get_config_defaults
                0x000020b4      0x14c src/ASF/sam0/drivers/tcc/tcc.o
                0x000020b4                tcc_get_config_defaults
 .text.tcc_init
                0x00002200      0x40c src/ASF/sam0/drivers/tcc/tcc.o
                0x00002200                tcc_init
 .text.tcc_set_count_value
                0x0000260c       0x30 src/ASF/sam0/drivers/tcc/tcc.o
                0x0000260c                tcc_set_count_value
 .text.tcc_get_count_value
                0x0000263c       0x38 src/ASF/sam0/drivers/tcc/tcc.o
                0x0000263c                tcc_get_count_value
 .text.tcc_set_compare_value
                0x00002674       0x10 src/ASF/sam0/drivers/tcc/tcc.o
                0x00002674                tcc_set_compare_value
 .text.tcc_register_callback
                0x00002684       0x18 src/ASF/sam0/drivers/tcc/tcc_callback.o
                0x00002684                tcc_register_callback
 .text.tcc_enable_callback
                0x0000269c       0x40 src/ASF/sam0/drivers/tcc/tcc_callback.o
                0x0000269c                tcc_enable_callback
 .text._tcc_interrupt_handler
                0x000026dc       0x4c src/ASF/sam0/drivers/tcc/tcc_callback.o
                0x000026dc                _tcc_interrupt_handler
 .text.TCC0_Handler
                0x00002728       0x10 src/ASF/sam0/drivers/tcc/tcc_callback.o
                0x00002728                TCC0_Handler
 .text.TCC1_Handler
                0x00002738       0x10 src/ASF/sam0/drivers/tcc/tcc_callback.o
                0x00002738                TCC1_Handler
 .text.TCC2_Handler
                0x00002748       0x10 src/ASF/sam0/drivers/tcc/tcc_callback.o
                0x00002748                TCC2_Handler
 .text._eeprom_emulator_nvm_erase_row
                0x00002758       0x1c src/ASF/sam0/services/eeprom/emulator/main_array/eeprom.o
 .text._eeprom_emulator_update_page_mapping
                0x00002774      0x14c src/ASF/sam0/services/eeprom/emulator/main_array/eeprom.o
 .text._eeprom_emulator_nvm_read_page
                0x000028c0       0x24 src/ASF/sam0/services/eeprom/emulator/main_array/eeprom.o
 .text._eeprom_emulator_nvm_fill_cache
                0x000028e4       0x24 src/ASF/sam0/services/eeprom/emulator/main_array/eeprom.o
 .text._eeprom_emulator_nvm_commit_cache
                0x00002908       0x20 src/ASF/sam0/services/eeprom/emulator/main_array/eeprom.o
 .text.eeprom_emulator_init
                0x00002928       0xe4 src/ASF/sam0/services/eeprom/emulator/main_array/eeprom.o
                0x00002928                eeprom_emulator_init
 .text.eeprom_emulator_erase_memory
                0x00002a0c       0xe0 src/ASF/sam0/services/eeprom/emulator/main_array/eeprom.o
                0x00002a0c                eeprom_emulator_erase_memory
 .text.eeprom_emulator_read_page
                0x00002aec       0x68 src/ASF/sam0/services/eeprom/emulator/main_array/eeprom.o
                0x00002aec                eeprom_emulator_read_page
 .text.eeprom_emulator_read_buffer
                0x00002b54       0xb0 src/ASF/sam0/services/eeprom/emulator/main_array/eeprom.o
                0x00002b54                eeprom_emulator_read_buffer
 .text.eeprom_emulator_commit_page_buffer
                0x00002c04       0x30 src/ASF/sam0/services/eeprom/emulator/main_array/eeprom.o
                0x00002c04                eeprom_emulator_commit_page_buffer
 .text.eeprom_emulator_write_page
                0x00002c34      0x194 src/ASF/sam0/services/eeprom/emulator/main_array/eeprom.o
                0x00002c34                eeprom_emulator_write_page
 .text.eeprom_emulator_write_buffer
                0x00002dc8       0xdc src/ASF/sam0/services/eeprom/emulator/main_array/eeprom.o
                0x00002dc8                eeprom_emulator_write_buffer
 .text.Dummy_Handler
                0x00002ea4        0x2 src/ASF/sam0/utils/cmsis/samd21/source/gcc/startup_samd21.o
                0x00002ea4                DMAC_Handler
                0x00002ea4                HardFault_Handler
                0x00002ea4                AC_Handler
                0x00002ea4                SysTick_Handler
                0x00002ea4                PendSV_Handler
                0x00002ea4                NMI_Handler
                0x00002ea4                TC7_Handler
                0x00002ea4                RTC_Handler
                0x00002ea4                EIC_Handler
                0x00002ea4                TC6_Handler
                0x00002ea4                WDT_Handler
                0x00002ea4                TC4_Handler
                0x00002ea4                USB_Handler
                0x00002ea4                TC3_Handler
                0x00002ea4                Dummy_Handler
                0x00002ea4                PM_Handler
                0x00002ea4                SVC_Handler
                0x00002ea4                EVSYS_Handler
                0x00002ea4                I2S_Handler
                0x00002ea4                NVMCTRL_Handler
                0x00002ea4                DAC_Handler
                0x00002ea4                PTC_Handler
                0x00002ea4                TC5_Handler
 *fill*         0x00002ea6        0x2 
 .text.Reset_Handler
                0x00002ea8       0xe4 src/ASF/sam0/utils/cmsis/samd21/source/gcc/startup_samd21.o
                0x00002ea8                Reset_Handler
 .text._read    0x00002f8c       0x44 src/ASF/sam0/utils/stdio/read.o
                0x00002f8c                _read
 .text._write   0x00002fd0       0x50 src/ASF/sam0/utils/stdio/write.o
                0x00002fd0                _write
 .text._sbrk    0x00003020       0x24 src/ASF/sam0/utils/syscalls/gcc/syscalls.o
                0x00003020                _sbrk
 .text._close   0x00003044        0x6 src/ASF/sam0/utils/syscalls/gcc/syscalls.o
                0x00003044                _close
 .text._fstat   0x0000304a        0xa src/ASF/sam0/utils/syscalls/gcc/syscalls.o
                0x0000304a                _fstat
 .text._isatty  0x00003054        0x4 src/ASF/sam0/utils/syscalls/gcc/syscalls.o
                0x00003054                _isatty
 .text._lseek   0x00003058        0x4 src/ASF/sam0/utils/syscalls/gcc/syscalls.o
                0x00003058                _lseek
 .text.LerSensor
                0x0000305c       0x2c src/main.o
                0x0000305c                LerSensor
 .text.SetPWM   0x00003088       0x18 src/main.o
                0x00003088                SetPWM
 .text.Gravar   0x000030a0       0xd4 src/main.o
                0x000030a0                Gravar
 .text.Timer    0x00003174       0x1c src/main.o
                0x00003174                Timer
 .text.tcc_callback_timer
                0x00003190       0x10 src/main.o
                0x00003190                tcc_callback_timer
 .text.EnviarDados
                0x000031a0       0x88 src/main.o
                0x000031a0                EnviarDados
 .text.usart_read_callback
                0x00003228       0x34 src/main.o
                0x00003228                usart_read_callback
 .text.initSM   0x0000325c       0x3c src/main.o
                0x0000325c                initSM
 .text.main     0x00003298       0x98 src/main.o
                0x00003298                main
 .text          0x00003330      0x114 d:/atmel/7.0/toolchain/arm/arm-gnu-toolchain/bin/../lib/gcc/arm-none-eabi/6.2.1/thumb/v6-m\libgcc.a(_udivsi3.o)
                0x00003330                __aeabi_uidiv
                0x00003330                __udivsi3
                0x0000343c                __aeabi_uidivmod
 .text          0x00003444        0x4 d:/atmel/7.0/toolchain/arm/arm-gnu-toolchain/bin/../lib/gcc/arm-none-eabi/6.2.1/thumb/v6-m\libgcc.a(_dvmd_tls.o)
                0x00003444                __aeabi_idiv0
                0x00003444                __aeabi_ldiv0
 .text          0x00003448       0x54 d:/atmel/7.0/toolchain/arm/arm-gnu-toolchain/bin/../lib/gcc/arm-none-eabi/6.2.1/thumb/v6-m\libgcc.a(_muldi3.o)
                0x00003448                __muldi3
                0x00003448                __aeabi_lmul
 .text          0x0000349c       0x40 d:/atmel/7.0/toolchain/arm/arm-gnu-toolchain/bin/../lib/gcc/arm-none-eabi/6.2.1/thumb/v6-m\libgcc.a(fixsfsi.o)
                0x0000349c                __aeabi_f2iz
 .text          0x000034dc      0x500 d:/atmel/7.0/toolchain/arm/arm-gnu-toolchain/bin/../lib/gcc/arm-none-eabi/6.2.1/thumb/v6-m\libgcc.a(muldf3.o)
                0x000034dc                __aeabi_dmul
 .text          0x000039dc      0x62c d:/atmel/7.0/toolchain/arm/arm-gnu-toolchain/bin/../lib/gcc/arm-none-eabi/6.2.1/thumb/v6-m\libgcc.a(subdf3.o)
                0x000039dc                __aeabi_dsub
 .text          0x00004008       0x70 d:/atmel/7.0/toolchain/arm/arm-gnu-toolchain/bin/../lib/gcc/arm-none-eabi/6.2.1/thumb/v6-m\libgcc.a(floatunsidf.o)
                0x00004008                __aeabi_ui2d
 .text          0x00004078      0x114 d:/atmel/7.0/toolchain/arm/arm-gnu-toolchain/bin/../lib/gcc/arm-none-eabi/6.2.1/thumb/v6-m\libgcc.a(truncdfsf2.o)
                0x00004078                __aeabi_d2f
 .text          0x0000418c       0x3c d:/atmel/7.0/toolchain/arm/arm-gnu-toolchain/bin/../lib/gcc/arm-none-eabi/6.2.1/thumb/v6-m\libgcc.a(_clzsi2.o)
                0x0000418c                __clzsi2
 .text.__libc_init_array
                0x000041c8       0x48 d:/atmel/7.0/toolchain/arm/arm-gnu-toolchain/bin/../lib/gcc/arm-none-eabi/6.2.1/../../../../arm-none-eabi/lib/thumb/v6-m\libc_nano.a(lib_a-init.o)
                0x000041c8                __libc_init_array
 .text.malloc   0x00004210       0x14 d:/atmel/7.0/toolchain/arm/arm-gnu-toolchain/bin/../lib/gcc/arm-none-eabi/6.2.1/../../../../arm-none-eabi/lib/thumb/v6-m\libc_nano.a(lib_a-malloc.o)
                0x00004210                malloc
 .text.memcpy   0x00004224       0x12 d:/atmel/7.0/toolchain/arm/arm-gnu-toolchain/bin/../lib/gcc/arm-none-eabi/6.2.1/../../../../arm-none-eabi/lib/thumb/v6-m\libc_nano.a(lib_a-memcpy-stub.o)
                0x00004224                memcpy
 .text.memset   0x00004236       0x10 d:/atmel/7.0/toolchain/arm/arm-gnu-toolchain/bin/../lib/gcc/arm-none-eabi/6.2.1/../../../../arm-none-eabi/lib/thumb/v6-m\libc_nano.a(lib_a-memset.o)
                0x00004236                memset
 *fill*         0x00004246        0x2 
 .text._free_r  0x00004248       0x94 d:/atmel/7.0/toolchain/arm/arm-gnu-toolchain/bin/../lib/gcc/arm-none-eabi/6.2.1/../../../../arm-none-eabi/lib/thumb/v6-m\libc_nano.a(lib_a-nano-freer.o)
                0x00004248                _free_r
 .text._malloc_r
                0x000042dc       0xbc d:/atmel/7.0/toolchain/arm/arm-gnu-toolchain/bin/../lib/gcc/arm-none-eabi/6.2.1/../../../../arm-none-eabi/lib/thumb/v6-m\libc_nano.a(lib_a-nano-mallocr.o)
                0x000042dc                _malloc_r
 .text.printf   0x00004398       0x34 d:/atmel/7.0/toolchain/arm/arm-gnu-toolchain/bin/../lib/gcc/arm-none-eabi/6.2.1/../../../../arm-none-eabi/lib/thumb/v6-m\libc_nano.a(lib_a-printf.o)
                0x00004398                iprintf
                0x00004398                printf
 .text._puts_r  0x000043cc       0xc0 d:/atmel/7.0/toolchain/arm/arm-gnu-toolchain/bin/../lib/gcc/arm-none-eabi/6.2.1/../../../../arm-none-eabi/lib/thumb/v6-m\libc_nano.a(lib_a-puts.o)
                0x000043cc                _puts_r
 .text.puts     0x0000448c       0x14 d:/atmel/7.0/toolchain/arm/arm-gnu-toolchain/bin/../lib/gcc/arm-none-eabi/6.2.1/../../../../arm-none-eabi/lib/thumb/v6-m\libc_nano.a(lib_a-puts.o)
                0x0000448c                puts
 .text._sbrk_r  0x000044a0       0x24 d:/atmel/7.0/toolchain/arm/arm-gnu-toolchain/bin/../lib/gcc/arm-none-eabi/6.2.1/../../../../arm-none-eabi/lib/thumb/v6-m\libc_nano.a(lib_a-sbrkr.o)
                0x000044a0                _sbrk_r
 .text.setbuf   0x000044c4       0x12 d:/atmel/7.0/toolchain/arm/arm-gnu-toolchain/bin/../lib/gcc/arm-none-eabi/6.2.1/../../../../arm-none-eabi/lib/thumb/v6-m\libc_nano.a(lib_a-setbuf.o)
                0x000044c4                setbuf
 *fill*         0x000044d6        0x2 
 .text.setvbuf  0x000044d8      0x158 d:/atmel/7.0/toolchain/arm/arm-gnu-toolchain/bin/../lib/gcc/arm-none-eabi/6.2.1/../../../../arm-none-eabi/lib/thumb/v6-m\libc_nano.a(lib_a-setvbuf.o)
                0x000044d8                setvbuf
 .text          0x00004630       0x14 d:/atmel/7.0/toolchain/arm/arm-gnu-toolchain/bin/../lib/gcc/arm-none-eabi/6.2.1/../../../../arm-none-eabi/lib/thumb/v6-m\libc_nano.a(lib_a-strcmp.o)
                0x00004630                strcmp
 .text.__swbuf_r
                0x00004644       0xac d:/atmel/7.0/toolchain/arm/arm-gnu-toolchain/bin/../lib/gcc/arm-none-eabi/6.2.1/../../../../arm-none-eabi/lib/thumb/v6-m\libc_nano.a(lib_a-wbuf.o)
                0x00004644                __swbuf_r
 .text.__swsetup_r
                0x000046f0       0xec d:/atmel/7.0/toolchain/arm/arm-gnu-toolchain/bin/../lib/gcc/arm-none-eabi/6.2.1/../../../../arm-none-eabi/lib/thumb/v6-m\libc_nano.a(lib_a-wsetup.o)
                0x000046f0                __swsetup_r
 .text.__sflush_r
                0x000047dc      0x114 d:/atmel/7.0/toolchain/arm/arm-gnu-toolchain/bin/../lib/gcc/arm-none-eabi/6.2.1/../../../../arm-none-eabi/lib/thumb/v6-m\libc_nano.a(lib_a-fflush.o)
                0x000047dc                __sflush_r
 .text._fflush_r
                0x000048f0       0x58 d:/atmel/7.0/toolchain/arm/arm-gnu-toolchain/bin/../lib/gcc/arm-none-eabi/6.2.1/../../../../arm-none-eabi/lib/thumb/v6-m\libc_nano.a(lib_a-fflush.o)
                0x000048f0                _fflush_r
 .text._cleanup_r
                0x00004948       0x10 d:/atmel/7.0/toolchain/arm/arm-gnu-toolchain/bin/../lib/gcc/arm-none-eabi/6.2.1/../../../../arm-none-eabi/lib/thumb/v6-m\libc_nano.a(lib_a-findfp.o)
                0x00004948                _cleanup_r
 .text.std.isra.0
                0x00004958       0x48 d:/atmel/7.0/toolchain/arm/arm-gnu-toolchain/bin/../lib/gcc/arm-none-eabi/6.2.1/../../../../arm-none-eabi/lib/thumb/v6-m\libc_nano.a(lib_a-findfp.o)
 .text.__sfmoreglue
                0x000049a0       0x2c d:/atmel/7.0/toolchain/arm/arm-gnu-toolchain/bin/../lib/gcc/arm-none-eabi/6.2.1/../../../../arm-none-eabi/lib/thumb/v6-m\libc_nano.a(lib_a-findfp.o)
                0x000049a0                __sfmoreglue
 .text.__sinit  0x000049cc       0x68 d:/atmel/7.0/toolchain/arm/arm-gnu-toolchain/bin/../lib/gcc/arm-none-eabi/6.2.1/../../../../arm-none-eabi/lib/thumb/v6-m\libc_nano.a(lib_a-findfp.o)
                0x000049cc                __sinit
 .text.__sfp    0x00004a34       0x80 d:/atmel/7.0/toolchain/arm/arm-gnu-toolchain/bin/../lib/gcc/arm-none-eabi/6.2.1/../../../../arm-none-eabi/lib/thumb/v6-m\libc_nano.a(lib_a-findfp.o)
                0x00004a34                __sfp
 .text._fwalk_reent
                0x00004ab4       0x42 d:/atmel/7.0/toolchain/arm/arm-gnu-toolchain/bin/../lib/gcc/arm-none-eabi/6.2.1/../../../../arm-none-eabi/lib/thumb/v6-m\libc_nano.a(lib_a-fwalk.o)
                0x00004ab4                _fwalk_reent
 *fill*         0x00004af6        0x2 
 .text.__swhatbuf_r
                0x00004af8       0x50 d:/atmel/7.0/toolchain/arm/arm-gnu-toolchain/bin/../lib/gcc/arm-none-eabi/6.2.1/../../../../arm-none-eabi/lib/thumb/v6-m\libc_nano.a(lib_a-makebuf.o)
                0x00004af8                __swhatbuf_r
 .text.__smakebuf_r
                0x00004b48       0x7c d:/atmel/7.0/toolchain/arm/arm-gnu-toolchain/bin/../lib/gcc/arm-none-eabi/6.2.1/../../../../arm-none-eabi/lib/thumb/v6-m\libc_nano.a(lib_a-makebuf.o)
                0x00004b48                __smakebuf_r
 .text.__malloc_lock
                0x00004bc4        0x2 d:/atmel/7.0/toolchain/arm/arm-gnu-toolchain/bin/../lib/gcc/arm-none-eabi/6.2.1/../../../../arm-none-eabi/lib/thumb/v6-m\libc_nano.a(lib_a-mlock.o)
                0x00004bc4                __malloc_lock
 .text.__malloc_unlock
                0x00004bc6        0x2 d:/atmel/7.0/toolchain/arm/arm-gnu-toolchain/bin/../lib/gcc/arm-none-eabi/6.2.1/../../../../arm-none-eabi/lib/thumb/v6-m\libc_nano.a(lib_a-mlock.o)
                0x00004bc6                __malloc_unlock
 .text.__sfputc_r
                0x00004bc8       0x2a d:/atmel/7.0/toolchain/arm/arm-gnu-toolchain/bin/../lib/gcc/arm-none-eabi/6.2.1/../../../../arm-none-eabi/lib/thumb/v6-m\libc_nano.a(lib_a-nano-vfprintf.o)
 .text.__sfputs_r
                0x00004bf2       0x24 d:/atmel/7.0/toolchain/arm/arm-gnu-toolchain/bin/../lib/gcc/arm-none-eabi/6.2.1/../../../../arm-none-eabi/lib/thumb/v6-m\libc_nano.a(lib_a-nano-vfprintf.o)
                0x00004bf2                __sfputs_r
 *fill*         0x00004c16        0x2 
 .text._vfprintf_r
                0x00004c18      0x238 d:/atmel/7.0/toolchain/arm/arm-gnu-toolchain/bin/../lib/gcc/arm-none-eabi/6.2.1/../../../../arm-none-eabi/lib/thumb/v6-m\libc_nano.a(lib_a-nano-vfprintf.o)
                0x00004c18                _vfprintf_r
                0x00004c18                _vfiprintf_r
 .text._printf_common
                0x00004e50       0xda d:/atmel/7.0/toolchain/arm/arm-gnu-toolchain/bin/../lib/gcc/arm-none-eabi/6.2.1/../../../../arm-none-eabi/lib/thumb/v6-m\libc_nano.a(lib_a-nano-vfprintf_i.o)
                0x00004e50                _printf_common
 *fill*         0x00004f2a        0x2 
 .text._printf_i
                0x00004f2c      0x234 d:/atmel/7.0/toolchain/arm/arm-gnu-toolchain/bin/../lib/gcc/arm-none-eabi/6.2.1/../../../../arm-none-eabi/lib/thumb/v6-m\libc_nano.a(lib_a-nano-vfprintf_i.o)
                0x00004f2c                _printf_i
 .text.__sread  0x00005160       0x28 d:/atmel/7.0/toolchain/arm/arm-gnu-toolchain/bin/../lib/gcc/arm-none-eabi/6.2.1/../../../../arm-none-eabi/lib/thumb/v6-m\libc_nano.a(lib_a-stdio.o)
                0x00005160                __sread
 .text.__swrite
                0x00005188       0x38 d:/atmel/7.0/toolchain/arm/arm-gnu-toolchain/bin/../lib/gcc/arm-none-eabi/6.2.1/../../../../arm-none-eabi/lib/thumb/v6-m\libc_nano.a(lib_a-stdio.o)
                0x00005188                __swrite
 .text.__sseek  0x000051c0       0x2c d:/atmel/7.0/toolchain/arm/arm-gnu-toolchain/bin/../lib/gcc/arm-none-eabi/6.2.1/../../../../arm-none-eabi/lib/thumb/v6-m\libc_nano.a(lib_a-stdio.o)
                0x000051c0                __sseek
 .text.__sclose
                0x000051ec        0xc d:/atmel/7.0/toolchain/arm/arm-gnu-toolchain/bin/../lib/gcc/arm-none-eabi/6.2.1/../../../../arm-none-eabi/lib/thumb/v6-m\libc_nano.a(lib_a-stdio.o)
                0x000051ec                __sclose
 .text._write_r
                0x000051f8       0x28 d:/atmel/7.0/toolchain/arm/arm-gnu-toolchain/bin/../lib/gcc/arm-none-eabi/6.2.1/../../../../arm-none-eabi/lib/thumb/v6-m\libc_nano.a(lib_a-writer.o)
                0x000051f8                _write_r
 .text._close_r
                0x00005220       0x24 d:/atmel/7.0/toolchain/arm/arm-gnu-toolchain/bin/../lib/gcc/arm-none-eabi/6.2.1/../../../../arm-none-eabi/lib/thumb/v6-m\libc_nano.a(lib_a-closer.o)
                0x00005220                _close_r
 .text._fstat_r
                0x00005244       0x24 d:/atmel/7.0/toolchain/arm/arm-gnu-toolchain/bin/../lib/gcc/arm-none-eabi/6.2.1/../../../../arm-none-eabi/lib/thumb/v6-m\libc_nano.a(lib_a-fstatr.o)
                0x00005244                _fstat_r
 .text._isatty_r
                0x00005268       0x24 d:/atmel/7.0/toolchain/arm/arm-gnu-toolchain/bin/../lib/gcc/arm-none-eabi/6.2.1/../../../../arm-none-eabi/lib/thumb/v6-m\libc_nano.a(lib_a-isattyr.o)
                0x00005268                _isatty_r
 .text._lseek_r
                0x0000528c       0x28 d:/atmel/7.0/toolchain/arm/arm-gnu-toolchain/bin/../lib/gcc/arm-none-eabi/6.2.1/../../../../arm-none-eabi/lib/thumb/v6-m\libc_nano.a(lib_a-lseekr.o)
                0x0000528c                _lseek_r
 .text.memchr   0x000052b4       0x16 d:/atmel/7.0/toolchain/arm/arm-gnu-toolchain/bin/../lib/gcc/arm-none-eabi/6.2.1/../../../../arm-none-eabi/lib/thumb/v6-m\libc_nano.a(lib_a-memchr-stub.o)
                0x000052b4                memchr
 *fill*         0x000052ca        0x2 
 .text._read_r  0x000052cc       0x28 d:/atmel/7.0/toolchain/arm/arm-gnu-toolchain/bin/../lib/gcc/arm-none-eabi/6.2.1/../../../../arm-none-eabi/lib/thumb/v6-m\libc_nano.a(lib_a-readr.o)
                0x000052cc                _read_r
 *(.glue_7t)
 .glue_7t       0x000052f4        0x0 linker stubs
 *(.glue_7)
 .glue_7        0x000052f4        0x0 linker stubs
 *(.rodata .rodata* .gnu.linkonce.r.*)
 .rodata.adc_init
                0x000052f4       0xd4 src/ASF/sam0/drivers/adc/adc_sam_d_r_h/adc.o
 .rodata        0x000053c8       0x50 src/ASF/sam0/drivers/adc/adc_sam_d_r_h/adc.o
 .rodata.nvm_execute_command
                0x00005418      0x118 src/ASF/sam0/drivers/nvm/nvm.o
 .rodata        0x00005530       0x18 src/ASF/sam0/drivers/sercom/sercom.o
 .rodata.system_clock_source_get_hz
                0x00005548       0x24 src/ASF/sam0/drivers/system/clock/clock_samd21_r21_da_ha1/clock.o
 .rodata.system_clock_source_enable
                0x0000556c       0x24 src/ASF/sam0/drivers/system/clock/clock_samd21_r21_da_ha1/clock.o
 .rodata._tcc_apbcmasks
                0x00005590        0xc src/ASF/sam0/drivers/tcc/tcc.o
                0x00005590                _tcc_apbcmasks
 .rodata._tcc_cc_nums
                0x0000559c        0x3 src/ASF/sam0/drivers/tcc/tcc.o
                0x0000559c                _tcc_cc_nums
 *fill*         0x0000559f        0x1 
 .rodata._tcc_gclk_ids
                0x000055a0        0x3 src/ASF/sam0/drivers/tcc/tcc.o
                0x000055a0                _tcc_gclk_ids
 *fill*         0x000055a3        0x1 
 .rodata._tcc_maxs
                0x000055a4        0xc src/ASF/sam0/drivers/tcc/tcc.o
                0x000055a4                _tcc_maxs
 .rodata._tcc_ow_nums
                0x000055b0        0x3 src/ASF/sam0/drivers/tcc/tcc.o
                0x000055b0                _tcc_ow_nums
 *fill*         0x000055b3        0x1 
 .rodata._tcc_intflag
                0x000055b4       0x30 src/ASF/sam0/drivers/tcc/tcc_callback.o
                0x000055b4                _tcc_intflag
 .rodata.tcc_interrupt_vectors.12442
                0x000055e4        0x3 src/ASF/sam0/drivers/tcc/tcc_callback.o
 *fill*         0x000055e7        0x1 
 .rodata        0x000055e8        0xc src/ASF/sam0/services/eeprom/emulator/main_array/eeprom.o
 .rodata.EnviarDados.str1.4
                0x000055f4       0x18 src/main.o
 .rodata.usart_read_callback.str1.4
                0x0000560c        0x8 src/main.o
                                  0x6 (size before relaxing)
 .rodata        0x00005614       0x40 d:/atmel/7.0/toolchain/arm/arm-gnu-toolchain/bin/../lib/gcc/arm-none-eabi/6.2.1/thumb/v6-m\libgcc.a(muldf3.o)
 .rodata._global_impure_ptr
                0x00005654        0x4 d:/atmel/7.0/toolchain/arm/arm-gnu-toolchain/bin/../lib/gcc/arm-none-eabi/6.2.1/../../../../arm-none-eabi/lib/thumb/v6-m\libc_nano.a(lib_a-impure.o)
                0x00005654                _global_impure_ptr
 .rodata.__sf_fake_stderr
                0x00005658       0x20 d:/atmel/7.0/toolchain/arm/arm-gnu-toolchain/bin/../lib/gcc/arm-none-eabi/6.2.1/../../../../arm-none-eabi/lib/thumb/v6-m\libc_nano.a(lib_a-findfp.o)
                0x00005658                __sf_fake_stderr
 .rodata.__sf_fake_stdin
                0x00005678       0x20 d:/atmel/7.0/toolchain/arm/arm-gnu-toolchain/bin/../lib/gcc/arm-none-eabi/6.2.1/../../../../arm-none-eabi/lib/thumb/v6-m\libc_nano.a(lib_a-findfp.o)
                0x00005678                __sf_fake_stdin
 .rodata.__sf_fake_stdout
                0x00005698       0x20 d:/atmel/7.0/toolchain/arm/arm-gnu-toolchain/bin/../lib/gcc/arm-none-eabi/6.2.1/../../../../arm-none-eabi/lib/thumb/v6-m\libc_nano.a(lib_a-findfp.o)
                0x00005698                __sf_fake_stdout
 .rodata._vfprintf_r.str1.1
                0x000056b8       0x11 d:/atmel/7.0/toolchain/arm/arm-gnu-toolchain/bin/../lib/gcc/arm-none-eabi/6.2.1/../../../../arm-none-eabi/lib/thumb/v6-m\libc_nano.a(lib_a-nano-vfprintf.o)
 .rodata._printf_i.str1.1
                0x000056c9       0x22 d:/atmel/7.0/toolchain/arm/arm-gnu-toolchain/bin/../lib/gcc/arm-none-eabi/6.2.1/../../../../arm-none-eabi/lib/thumb/v6-m\libc_nano.a(lib_a-nano-vfprintf_i.o)
 *(.ARM.extab* .gnu.linkonce.armextab.*)
                0x000056ec                . = ALIGN (0x4)
 *fill*         0x000056eb        0x1 
 *(.init)
 .init          0x000056ec        0x4 d:/atmel/7.0/toolchain/arm/arm-gnu-toolchain/bin/../lib/gcc/arm-none-eabi/6.2.1/thumb/v6-m/crti.o
                0x000056ec                _init
 .init          0x000056f0        0x8 d:/atmel/7.0/toolchain/arm/arm-gnu-toolchain/bin/../lib/gcc/arm-none-eabi/6.2.1/thumb/v6-m/crtn.o
                0x000056f8                . = ALIGN (0x4)
                0x000056f8                __preinit_array_start = .
 *(.preinit_array)
                0x000056f8                __preinit_array_end = .
                0x000056f8                . = ALIGN (0x4)
                0x000056f8                __init_array_start = .
 *(SORT(.init_array.*))
 *(.init_array)
 .init_array    0x000056f8        0x4 d:/atmel/7.0/toolchain/arm/arm-gnu-toolchain/bin/../lib/gcc/arm-none-eabi/6.2.1/thumb/v6-m/crtbegin.o
                0x000056fc                __init_array_end = .
                0x000056fc                . = ALIGN (0x4)
 *crtbegin.o(.ctors)
 *(EXCLUDE_FILE(*crtend.o) .ctors)
 *(SORT(.ctors.*))
 *crtend.o(.ctors)
                0x000056fc                . = ALIGN (0x4)
 *(.fini)
 .fini          0x000056fc        0x4 d:/atmel/7.0/toolchain/arm/arm-gnu-toolchain/bin/../lib/gcc/arm-none-eabi/6.2.1/thumb/v6-m/crti.o
                0x000056fc                _fini
 .fini          0x00005700        0x8 d:/atmel/7.0/toolchain/arm/arm-gnu-toolchain/bin/../lib/gcc/arm-none-eabi/6.2.1/thumb/v6-m/crtn.o
                0x00005708                . = ALIGN (0x4)
                0x00005708                __fini_array_start = .
 *(.fini_array)
 .fini_array    0x00005708        0x4 d:/atmel/7.0/toolchain/arm/arm-gnu-toolchain/bin/../lib/gcc/arm-none-eabi/6.2.1/thumb/v6-m/crtbegin.o
 *(SORT(.fini_array.*))
                0x0000570c                __fini_array_end = .
 *crtbegin.o(.dtors)
 *(EXCLUDE_FILE(*crtend.o) .dtors)
 *(SORT(.dtors.*))
 *crtend.o(.dtors)
                0x0000570c                . = ALIGN (0x4)
                0x0000570c                _efixed = .
                [!provide]                PROVIDE (__exidx_start, .)

.vfp11_veneer   0x0000570c        0x0
 .vfp11_veneer  0x0000570c        0x0 linker stubs

.v4_bx          0x0000570c        0x0
 .v4_bx         0x0000570c        0x0 linker stubs

.iplt           0x0000570c        0x0
 .iplt          0x0000570c        0x0 d:/atmel/7.0/toolchain/arm/arm-gnu-toolchain/bin/../lib/gcc/arm-none-eabi/6.2.1/thumb/v6-m/crtbegin.o

.eh_frame       0x0000570c        0x0
 .eh_frame      0x0000570c        0x0 d:/atmel/7.0/toolchain/arm/arm-gnu-toolchain/bin/../lib/gcc/arm-none-eabi/6.2.1/thumb/v6-m/crtbegin.o

.rel.dyn        0x0000570c        0x0
 .rel.iplt      0x0000570c        0x0 d:/atmel/7.0/toolchain/arm/arm-gnu-toolchain/bin/../lib/gcc/arm-none-eabi/6.2.1/thumb/v6-m/crtbegin.o

.jcr            0x0000570c        0x0
 .jcr           0x0000570c        0x0 d:/atmel/7.0/toolchain/arm/arm-gnu-toolchain/bin/../lib/gcc/arm-none-eabi/6.2.1/thumb/v6-m/crtbegin.o

.igot.plt       0x0000570c        0x0
 .igot.plt      0x0000570c        0x0 d:/atmel/7.0/toolchain/arm/arm-gnu-toolchain/bin/../lib/gcc/arm-none-eabi/6.2.1/thumb/v6-m/crtbegin.o

.ARM.exidx
 *(.ARM.exidx* .gnu.linkonce.armexidx.*)
                [!provide]                PROVIDE (__exidx_end, .)
                0x0000570c                . = ALIGN (0x4)
                0x0000570c                _etext = .

.relocate       0x20000000       0x68 load address 0x0000570c
                0x20000000                . = ALIGN (0x4)
                0x20000000                _srelocate = .
 *(.ramfunc .ramfunc.*)
 *(.data .data.*)
 .data.g_interrupt_enabled
                0x20000000        0x1 src/ASF/common/utils/interrupt/interrupt_sam_nvic.o
                0x20000000                g_interrupt_enabled
 *fill*         0x20000001        0x3 
 .data._impure_ptr
                0x20000004        0x4 d:/atmel/7.0/toolchain/arm/arm-gnu-toolchain/bin/../lib/gcc/arm-none-eabi/6.2.1/../../../../arm-none-eabi/lib/thumb/v6-m\libc_nano.a(lib_a-impure.o)
                0x20000004                _impure_ptr
 .data.impure_data
                0x20000008       0x60 d:/atmel/7.0/toolchain/arm/arm-gnu-toolchain/bin/../lib/gcc/arm-none-eabi/6.2.1/../../../../arm-none-eabi/lib/thumb/v6-m\libc_nano.a(lib_a-impure.o)
                0x20000068                . = ALIGN (0x4)
                0x20000068                _erelocate = .

.bss            0x20000068      0x294 load address 0x00005774
                0x20000068                . = ALIGN (0x4)
                0x20000068                _sbss = .
                0x20000068                _szero = .
 *(.bss .bss.*)
 .bss           0x20000068       0x1c d:/atmel/7.0/toolchain/arm/arm-gnu-toolchain/bin/../lib/gcc/arm-none-eabi/6.2.1/thumb/v6-m/crtbegin.o
 .bss.offset    0x20000084        0x2 src/eeprom_driver.o
                0x20000084                offset
 *fill*         0x20000086        0x2 
 .bss.cpu_irq_critical_section_counter
                0x20000088        0x4 src/ASF/common/utils/interrupt/interrupt_sam_nvic.o
 .bss.cpu_irq_prev_interrupt_state
                0x2000008c        0x1 src/ASF/common/utils/interrupt/interrupt_sam_nvic.o
 *fill*         0x2000008d        0x3 
 .bss._nvm_dev  0x20000090        0x6 src/ASF/sam0/drivers/nvm/nvm.o
 *fill*         0x20000096        0x2 
 .bss._sercom_config
                0x20000098        0x2 src/ASF/sam0/drivers/sercom/sercom.o
 .bss._handler_table_initialized
                0x2000009a        0x1 src/ASF/sam0/drivers/sercom/sercom_interrupt.o
 *fill*         0x2000009b        0x1 
 .bss._sercom_interrupt_handlers
                0x2000009c       0x18 src/ASF/sam0/drivers/sercom/sercom_interrupt.o
 .bss._system_clock_inst
                0x200000b4       0x18 src/ASF/sam0/drivers/system/clock/clock_samd21_r21_da_ha1/clock.o
 .bss._eeprom_instance
                0x200000cc       0xcc src/ASF/sam0/services/eeprom/emulator/main_array/eeprom.o
 .bss.heap.5276
                0x20000198        0x4 src/ASF/sam0/utils/syscalls/gcc/syscalls.o
 .bss.__malloc_free_list
                0x2000019c        0x4 d:/atmel/7.0/toolchain/arm/arm-gnu-toolchain/bin/../lib/gcc/arm-none-eabi/6.2.1/../../../../arm-none-eabi/lib/thumb/v6-m\libc_nano.a(lib_a-nano-mallocr.o)
                0x2000019c                __malloc_free_list
 .bss.__malloc_sbrk_start
                0x200001a0        0x4 d:/atmel/7.0/toolchain/arm/arm-gnu-toolchain/bin/../lib/gcc/arm-none-eabi/6.2.1/../../../../arm-none-eabi/lib/thumb/v6-m\libc_nano.a(lib_a-nano-mallocr.o)
                0x200001a0                __malloc_sbrk_start
 *(COMMON)
 COMMON         0x200001a4       0x20 src/adc_driver.o
                0x200001a4                adc_instance
 COMMON         0x200001c4        0x4 src/eeprom_driver.o
                0x200001c4                res
 COMMON         0x200001c8       0x40 src/pwm_driver.o
                0x200001c8                pwm_instance
 COMMON         0x20000208       0x40 src/tcc_driver.o
                0x20000208                tcc_timer
 COMMON         0x20000248       0x34 src/usart_driver.o
                0x20000248                usart_instance
 COMMON         0x2000027c        0x4 src/ASF/sam0/drivers/adc/adc_sam_d_r_h/adc_callback.o
                0x2000027c                _adc_instances
 COMMON         0x20000280       0x18 src/ASF/sam0/drivers/sercom/sercom_interrupt.o
                0x20000280                _sercom_instances
 COMMON         0x20000298        0xc src/ASF/sam0/drivers/tcc/tcc_callback.o
                0x20000298                _tcc_instances
 COMMON         0x200002a4        0x4 src/ASF/sam0/utils/stdio/read.o
                0x200002a4                ptr_get
 COMMON         0x200002a8        0x8 src/ASF/sam0/utils/stdio/write.o
                0x200002a8                ptr_put
                0x200002ac                stdio_base
 COMMON         0x200002b0       0x48 src/main.o
                0x200002b0                rx_buffer
                0x200002b8                instancia_usart
                0x200002bc                sm
 COMMON         0x200002f8        0x4 d:/atmel/7.0/toolchain/arm/arm-gnu-toolchain/bin/../lib/gcc/arm-none-eabi/6.2.1/../../../../arm-none-eabi/lib/thumb/v6-m\libc_nano.a(lib_a-reent.o)
                0x200002f8                errno
                0x200002fc                . = ALIGN (0x4)
                0x200002fc                _ebss = .
                0x200002fc                _ezero = .

.stack          0x200002fc     0x2004 load address 0x00005a08
                0x20000300                . = ALIGN (0x8)
 *fill*         0x200002fc        0x4 
                0x20000300                _sstack = .
                0x20002300                . = (. + STACK_SIZE)
 *fill*         0x20000300     0x2000 
                0x20002300                . = ALIGN (0x8)
                0x20002300                _estack = .
                0x20002300                . = ALIGN (0x4)
                0x20002300                _end = .
OUTPUT(TCC_QUICK_START_TIMER2.elf elf32-littlearm)

.ARM.attributes
                0x00000000       0x28
 .ARM.attributes
                0x00000000       0x1e d:/atmel/7.0/toolchain/arm/arm-gnu-toolchain/bin/../lib/gcc/arm-none-eabi/6.2.1/thumb/v6-m/crti.o
 .ARM.attributes
                0x0000001e       0x2c d:/atmel/7.0/toolchain/arm/arm-gnu-toolchain/bin/../lib/gcc/arm-none-eabi/6.2.1/thumb/v6-m/crtbegin.o
 .ARM.attributes
                0x0000004a       0x32 src/adc_driver.o
 .ARM.attributes
                0x0000007c       0x32 src/eeprom_driver.o
 .ARM.attributes
                0x000000ae       0x32 src/pwm_driver.o
 .ARM.attributes
                0x000000e0       0x32 src/tcc_driver.o
 .ARM.attributes
                0x00000112       0x32 src/usart_driver.o
 .ARM.attributes
                0x00000144       0x32 src/ASF/common/utils/interrupt/interrupt_sam_nvic.o
 .ARM.attributes
                0x00000176       0x32 src/ASF/sam0/boards/samd21_xplained_pro/board_init.o
 .ARM.attributes
                0x000001a8       0x32 src/ASF/sam0/drivers/adc/adc_sam_d_r_h/adc.o
 .ARM.attributes
                0x000001da       0x32 src/ASF/sam0/drivers/adc/adc_sam_d_r_h/adc_callback.o
 .ARM.attributes
                0x0000020c       0x32 src/ASF/sam0/drivers/bod/bod_sam_d_r_h/bod.o
 .ARM.attributes
                0x0000023e       0x32 src/ASF/sam0/drivers/nvm/nvm.o
 .ARM.attributes
                0x00000270       0x32 src/ASF/sam0/drivers/port/port.o
 .ARM.attributes
                0x000002a2       0x32 src/ASF/sam0/drivers/sercom/sercom.o
 .ARM.attributes
                0x000002d4       0x32 src/ASF/sam0/drivers/sercom/sercom_interrupt.o
 .ARM.attributes
                0x00000306       0x32 src/ASF/sam0/drivers/sercom/usart/usart.o
 .ARM.attributes
                0x00000338       0x32 src/ASF/sam0/drivers/sercom/usart/usart_interrupt.o
 .ARM.attributes
                0x0000036a       0x32 src/ASF/sam0/drivers/system/clock/clock_samd21_r21_da_ha1/clock.o
 .ARM.attributes
                0x0000039c       0x32 src/ASF/sam0/drivers/system/clock/clock_samd21_r21_da_ha1/gclk.o
 .ARM.attributes
                0x000003ce       0x32 src/ASF/sam0/drivers/system/pinmux/pinmux.o
 .ARM.attributes
                0x00000400       0x32 src/ASF/sam0/drivers/system/system.o
 .ARM.attributes
                0x00000432       0x32 src/ASF/sam0/drivers/tcc/tcc.o
 .ARM.attributes
                0x00000464       0x32 src/ASF/sam0/drivers/tcc/tcc_callback.o
 .ARM.attributes
                0x00000496       0x32 src/ASF/sam0/services/eeprom/emulator/main_array/eeprom.o
 .ARM.attributes
                0x000004c8       0x32 src/ASF/sam0/utils/cmsis/samd21/source/gcc/startup_samd21.o
 .ARM.attributes
                0x000004fa       0x32 src/ASF/sam0/utils/stdio/read.o
 .ARM.attributes
                0x0000052c       0x32 src/ASF/sam0/utils/stdio/write.o
 .ARM.attributes
                0x0000055e       0x32 src/ASF/sam0/utils/syscalls/gcc/syscalls.o
 .ARM.attributes
                0x00000590       0x32 src/main.o
 .ARM.attributes
                0x000005c2       0x1e d:/atmel/7.0/toolchain/arm/arm-gnu-toolchain/bin/../lib/gcc/arm-none-eabi/6.2.1/thumb/v6-m\libgcc.a(_udivsi3.o)
 .ARM.attributes
                0x000005e0       0x1e d:/atmel/7.0/toolchain/arm/arm-gnu-toolchain/bin/../lib/gcc/arm-none-eabi/6.2.1/thumb/v6-m\libgcc.a(_dvmd_tls.o)
 .ARM.attributes
                0x000005fe       0x2c d:/atmel/7.0/toolchain/arm/arm-gnu-toolchain/bin/../lib/gcc/arm-none-eabi/6.2.1/thumb/v6-m\libgcc.a(_muldi3.o)
 .ARM.attributes
                0x0000062a       0x2c d:/atmel/7.0/toolchain/arm/arm-gnu-toolchain/bin/../lib/gcc/arm-none-eabi/6.2.1/thumb/v6-m\libgcc.a(fixsfsi.o)
 .ARM.attributes
                0x00000656       0x2c d:/atmel/7.0/toolchain/arm/arm-gnu-toolchain/bin/../lib/gcc/arm-none-eabi/6.2.1/thumb/v6-m\libgcc.a(muldf3.o)
 .ARM.attributes
                0x00000682       0x2c d:/atmel/7.0/toolchain/arm/arm-gnu-toolchain/bin/../lib/gcc/arm-none-eabi/6.2.1/thumb/v6-m\libgcc.a(subdf3.o)
 .ARM.attributes
                0x000006ae       0x2c d:/atmel/7.0/toolchain/arm/arm-gnu-toolchain/bin/../lib/gcc/arm-none-eabi/6.2.1/thumb/v6-m\libgcc.a(floatunsidf.o)
 .ARM.attributes
                0x000006da       0x2c d:/atmel/7.0/toolchain/arm/arm-gnu-toolchain/bin/../lib/gcc/arm-none-eabi/6.2.1/thumb/v6-m\libgcc.a(truncdfsf2.o)
 .ARM.attributes
                0x00000706       0x1e d:/atmel/7.0/toolchain/arm/arm-gnu-toolchain/bin/../lib/gcc/arm-none-eabi/6.2.1/thumb/v6-m\libgcc.a(_clzsi2.o)
 .ARM.attributes
                0x00000724       0x2c d:/atmel/7.0/toolchain/arm/arm-gnu-toolchain/bin/../lib/gcc/arm-none-eabi/6.2.1/../../../../arm-none-eabi/lib/thumb/v6-m\libc_nano.a(lib_a-impure.o)
 .ARM.attributes
                0x00000750       0x2c d:/atmel/7.0/toolchain/arm/arm-gnu-toolchain/bin/../lib/gcc/arm-none-eabi/6.2.1/../../../../arm-none-eabi/lib/thumb/v6-m\libc_nano.a(lib_a-init.o)
 .ARM.attributes
                0x0000077c       0x2c d:/atmel/7.0/toolchain/arm/arm-gnu-toolchain/bin/../lib/gcc/arm-none-eabi/6.2.1/../../../../arm-none-eabi/lib/thumb/v6-m\libc_nano.a(lib_a-malloc.o)
 .ARM.attributes
                0x000007a8       0x2c d:/atmel/7.0/toolchain/arm/arm-gnu-toolchain/bin/../lib/gcc/arm-none-eabi/6.2.1/../../../../arm-none-eabi/lib/thumb/v6-m\libc_nano.a(lib_a-memcpy-stub.o)
 .ARM.attributes
                0x000007d4       0x2c d:/atmel/7.0/toolchain/arm/arm-gnu-toolchain/bin/../lib/gcc/arm-none-eabi/6.2.1/../../../../arm-none-eabi/lib/thumb/v6-m\libc_nano.a(lib_a-memset.o)
 .ARM.attributes
                0x00000800       0x2c d:/atmel/7.0/toolchain/arm/arm-gnu-toolchain/bin/../lib/gcc/arm-none-eabi/6.2.1/../../../../arm-none-eabi/lib/thumb/v6-m\libc_nano.a(lib_a-nano-freer.o)
 .ARM.attributes
                0x0000082c       0x2c d:/atmel/7.0/toolchain/arm/arm-gnu-toolchain/bin/../lib/gcc/arm-none-eabi/6.2.1/../../../../arm-none-eabi/lib/thumb/v6-m\libc_nano.a(lib_a-nano-mallocr.o)
 .ARM.attributes
                0x00000858       0x2c d:/atmel/7.0/toolchain/arm/arm-gnu-toolchain/bin/../lib/gcc/arm-none-eabi/6.2.1/../../../../arm-none-eabi/lib/thumb/v6-m\libc_nano.a(lib_a-printf.o)
 .ARM.attributes
                0x00000884       0x2c d:/atmel/7.0/toolchain/arm/arm-gnu-toolchain/bin/../lib/gcc/arm-none-eabi/6.2.1/../../../../arm-none-eabi/lib/thumb/v6-m\libc_nano.a(lib_a-puts.o)
 .ARM.attributes
                0x000008b0       0x2c d:/atmel/7.0/toolchain/arm/arm-gnu-toolchain/bin/../lib/gcc/arm-none-eabi/6.2.1/../../../../arm-none-eabi/lib/thumb/v6-m\libc_nano.a(lib_a-sbrkr.o)
 .ARM.attributes
                0x000008dc       0x2c d:/atmel/7.0/toolchain/arm/arm-gnu-toolchain/bin/../lib/gcc/arm-none-eabi/6.2.1/../../../../arm-none-eabi/lib/thumb/v6-m\libc_nano.a(lib_a-setbuf.o)
 .ARM.attributes
                0x00000908       0x2c d:/atmel/7.0/toolchain/arm/arm-gnu-toolchain/bin/../lib/gcc/arm-none-eabi/6.2.1/../../../../arm-none-eabi/lib/thumb/v6-m\libc_nano.a(lib_a-setvbuf.o)
 .ARM.attributes
                0x00000934       0x1c d:/atmel/7.0/toolchain/arm/arm-gnu-toolchain/bin/../lib/gcc/arm-none-eabi/6.2.1/../../../../arm-none-eabi/lib/thumb/v6-m\libc_nano.a(lib_a-strcmp.o)
 .ARM.attributes
                0x00000950       0x2c d:/atmel/7.0/toolchain/arm/arm-gnu-toolchain/bin/../lib/gcc/arm-none-eabi/6.2.1/../../../../arm-none-eabi/lib/thumb/v6-m\libc_nano.a(lib_a-wbuf.o)
 .ARM.attributes
                0x0000097c       0x2c d:/atmel/7.0/toolchain/arm/arm-gnu-toolchain/bin/../lib/gcc/arm-none-eabi/6.2.1/../../../../arm-none-eabi/lib/thumb/v6-m\libc_nano.a(lib_a-wsetup.o)
 .ARM.attributes
                0x000009a8       0x2c d:/atmel/7.0/toolchain/arm/arm-gnu-toolchain/bin/../lib/gcc/arm-none-eabi/6.2.1/../../../../arm-none-eabi/lib/thumb/v6-m\libc_nano.a(lib_a-fflush.o)
 .ARM.attributes
                0x000009d4       0x2c d:/atmel/7.0/toolchain/arm/arm-gnu-toolchain/bin/../lib/gcc/arm-none-eabi/6.2.1/../../../../arm-none-eabi/lib/thumb/v6-m\libc_nano.a(lib_a-findfp.o)
 .ARM.attributes
                0x00000a00       0x2c d:/atmel/7.0/toolchain/arm/arm-gnu-toolchain/bin/../lib/gcc/arm-none-eabi/6.2.1/../../../../arm-none-eabi/lib/thumb/v6-m\libc_nano.a(lib_a-fwalk.o)
 .ARM.attributes
                0x00000a2c       0x2c d:/atmel/7.0/toolchain/arm/arm-gnu-toolchain/bin/../lib/gcc/arm-none-eabi/6.2.1/../../../../arm-none-eabi/lib/thumb/v6-m\libc_nano.a(lib_a-makebuf.o)
 .ARM.attributes
                0x00000a58       0x2c d:/atmel/7.0/toolchain/arm/arm-gnu-toolchain/bin/../lib/gcc/arm-none-eabi/6.2.1/../../../../arm-none-eabi/lib/thumb/v6-m\libc_nano.a(lib_a-mlock.o)
 .ARM.attributes
                0x00000a84       0x2c d:/atmel/7.0/toolchain/arm/arm-gnu-toolchain/bin/../lib/gcc/arm-none-eabi/6.2.1/../../../../arm-none-eabi/lib/thumb/v6-m\libc_nano.a(lib_a-nano-vfprintf.o)
 .ARM.attributes
                0x00000ab0       0x2c d:/atmel/7.0/toolchain/arm/arm-gnu-toolchain/bin/../lib/gcc/arm-none-eabi/6.2.1/../../../../arm-none-eabi/lib/thumb/v6-m\libc_nano.a(lib_a-nano-vfprintf_i.o)
 .ARM.attributes
                0x00000adc       0x2c d:/atmel/7.0/toolchain/arm/arm-gnu-toolchain/bin/../lib/gcc/arm-none-eabi/6.2.1/../../../../arm-none-eabi/lib/thumb/v6-m\libc_nano.a(lib_a-reent.o)
 .ARM.attributes
                0x00000b08       0x2c d:/atmel/7.0/toolchain/arm/arm-gnu-toolchain/bin/../lib/gcc/arm-none-eabi/6.2.1/../../../../arm-none-eabi/lib/thumb/v6-m\libc_nano.a(lib_a-stdio.o)
 .ARM.attributes
                0x00000b34       0x2c d:/atmel/7.0/toolchain/arm/arm-gnu-toolchain/bin/../lib/gcc/arm-none-eabi/6.2.1/../../../../arm-none-eabi/lib/thumb/v6-m\libc_nano.a(lib_a-writer.o)
 .ARM.attributes
                0x00000b60       0x2c d:/atmel/7.0/toolchain/arm/arm-gnu-toolchain/bin/../lib/gcc/arm-none-eabi/6.2.1/../../../../arm-none-eabi/lib/thumb/v6-m\libc_nano.a(lib_a-closer.o)
 .ARM.attributes
                0x00000b8c       0x2c d:/atmel/7.0/toolchain/arm/arm-gnu-toolchain/bin/../lib/gcc/arm-none-eabi/6.2.1/../../../../arm-none-eabi/lib/thumb/v6-m\libc_nano.a(lib_a-fstatr.o)
 .ARM.attributes
                0x00000bb8       0x2c d:/atmel/7.0/toolchain/arm/arm-gnu-toolchain/bin/../lib/gcc/arm-none-eabi/6.2.1/../../../../arm-none-eabi/lib/thumb/v6-m\libc_nano.a(lib_a-isattyr.o)
 .ARM.attributes
                0x00000be4       0x2c d:/atmel/7.0/toolchain/arm/arm-gnu-toolchain/bin/../lib/gcc/arm-none-eabi/6.2.1/../../../../arm-none-eabi/lib/thumb/v6-m\libc_nano.a(lib_a-lseekr.o)
 .ARM.attributes
                0x00000c10       0x2c d:/atmel/7.0/toolchain/arm/arm-gnu-toolchain/bin/../lib/gcc/arm-none-eabi/6.2.1/../../../../arm-none-eabi/lib/thumb/v6-m\libc_nano.a(lib_a-memchr-stub.o)
 .ARM.attributes
                0x00000c3c       0x2c d:/atmel/7.0/toolchain/arm/arm-gnu-toolchain/bin/../lib/gcc/arm-none-eabi/6.2.1/../../../../arm-none-eabi/lib/thumb/v6-m\libc_nano.a(lib_a-readr.o)
 .ARM.attributes
                0x00000c68       0x1e d:/atmel/7.0/toolchain/arm/arm-gnu-toolchain/bin/../lib/gcc/arm-none-eabi/6.2.1/thumb/v6-m/crtn.o

.comment        0x00000000       0x59
 .comment       0x00000000       0x59 src/adc_driver.o
                                 0x5a (size before relaxing)
 .comment       0x00000059       0x5a src/eeprom_driver.o
 .comment       0x00000059       0x5a src/pwm_driver.o
 .comment       0x00000059       0x5a src/tcc_driver.o
 .comment       0x00000059       0x5a src/usart_driver.o
 .comment       0x00000059       0x5a src/ASF/common/utils/interrupt/interrupt_sam_nvic.o
 .comment       0x00000059       0x5a src/ASF/sam0/boards/samd21_xplained_pro/board_init.o
 .comment       0x00000059       0x5a src/ASF/sam0/drivers/adc/adc_sam_d_r_h/adc.o
 .comment       0x00000059       0x5a src/ASF/sam0/drivers/adc/adc_sam_d_r_h/adc_callback.o
 .comment       0x00000059       0x5a src/ASF/sam0/drivers/bod/bod_sam_d_r_h/bod.o
 .comment       0x00000059       0x5a src/ASF/sam0/drivers/nvm/nvm.o
 .comment       0x00000059       0x5a src/ASF/sam0/drivers/port/port.o
 .comment       0x00000059       0x5a src/ASF/sam0/drivers/sercom/sercom.o
 .comment       0x00000059       0x5a src/ASF/sam0/drivers/sercom/sercom_interrupt.o
 .comment       0x00000059       0x5a src/ASF/sam0/drivers/sercom/usart/usart.o
 .comment       0x00000059       0x5a src/ASF/sam0/drivers/sercom/usart/usart_interrupt.o
 .comment       0x00000059       0x5a src/ASF/sam0/drivers/system/clock/clock_samd21_r21_da_ha1/clock.o
 .comment       0x00000059       0x5a src/ASF/sam0/drivers/system/clock/clock_samd21_r21_da_ha1/gclk.o
 .comment       0x00000059       0x5a src/ASF/sam0/drivers/system/pinmux/pinmux.o
 .comment       0x00000059       0x5a src/ASF/sam0/drivers/system/system.o
 .comment       0x00000059       0x5a src/ASF/sam0/drivers/tcc/tcc.o
 .comment       0x00000059       0x5a src/ASF/sam0/drivers/tcc/tcc_callback.o
 .comment       0x00000059       0x5a src/ASF/sam0/services/eeprom/emulator/main_array/eeprom.o
 .comment       0x00000059       0x5a src/ASF/sam0/utils/cmsis/samd21/source/gcc/startup_samd21.o
 .comment       0x00000059       0x5a src/ASF/sam0/utils/stdio/read.o
 .comment       0x00000059       0x5a src/ASF/sam0/utils/stdio/write.o
 .comment       0x00000059       0x5a src/ASF/sam0/utils/syscalls/gcc/syscalls.o
 .comment       0x00000059       0x5a src/main.o

.debug_info     0x00000000    0x48dd3
 .debug_info    0x00000000     0x2489 src/adc_driver.o
 .debug_info    0x00002489     0x2f3d src/eeprom_driver.o
 .debug_info    0x000053c6     0x3f90 src/pwm_driver.o
 .debug_info    0x00009356     0x4018 src/tcc_driver.o
 .debug_info    0x0000d36e     0x4169 src/usart_driver.o
 .debug_info    0x000114d7      0xafb src/ASF/common/utils/interrupt/interrupt_sam_nvic.o
 .debug_info    0x00011fd2     0x12a1 src/ASF/sam0/boards/samd21_xplained_pro/board_init.o
 .debug_info    0x00013273     0x3e4b src/ASF/sam0/drivers/adc/adc_sam_d_r_h/adc.o
 .debug_info    0x000170be     0x1bfa src/ASF/sam0/drivers/adc/adc_sam_d_r_h/adc_callback.o
 .debug_info    0x00018cb8     0x1d1c src/ASF/sam0/drivers/bod/bod_sam_d_r_h/bod.o
 .debug_info    0x0001a9d4     0x262e src/ASF/sam0/drivers/nvm/nvm.o
 .debug_info    0x0001d002     0x12aa src/ASF/sam0/drivers/port/port.o
 .debug_info    0x0001e2ac     0x2dd8 src/ASF/sam0/drivers/sercom/sercom.o
 .debug_info    0x00021084     0x2bde src/ASF/sam0/drivers/sercom/sercom_interrupt.o
 .debug_info    0x00023c62     0x4ab4 src/ASF/sam0/drivers/sercom/usart/usart.o
 .debug_info    0x00028716     0x303f src/ASF/sam0/drivers/sercom/usart/usart_interrupt.o
 .debug_info    0x0002b755     0x38b7 src/ASF/sam0/drivers/system/clock/clock_samd21_r21_da_ha1/clock.o
 .debug_info    0x0002f00c     0x1ec5 src/ASF/sam0/drivers/system/clock/clock_samd21_r21_da_ha1/gclk.o
 .debug_info    0x00030ed1     0x13e9 src/ASF/sam0/drivers/system/pinmux/pinmux.o
 .debug_info    0x000322ba      0xa67 src/ASF/sam0/drivers/system/system.o
 .debug_info    0x00032d21     0x4cfe src/ASF/sam0/drivers/tcc/tcc.o
 .debug_info    0x00037a1f     0x316a src/ASF/sam0/drivers/tcc/tcc_callback.o
 .debug_info    0x0003ab89     0x2038 src/ASF/sam0/services/eeprom/emulator/main_array/eeprom.o
 .debug_info    0x0003cbc1     0x3a49 src/ASF/sam0/utils/cmsis/samd21/source/gcc/startup_samd21.o
 .debug_info    0x0004060a      0xac3 src/ASF/sam0/utils/stdio/read.o
 .debug_info    0x000410cd      0xac0 src/ASF/sam0/utils/stdio/write.o
 .debug_info    0x00041b8d      0xd8c src/ASF/sam0/utils/syscalls/gcc/syscalls.o
 .debug_info    0x00042919     0x64ba src/main.o

.debug_abbrev   0x00000000     0x5ef2
 .debug_abbrev  0x00000000      0x389 src/adc_driver.o
 .debug_abbrev  0x00000389      0x3cf src/eeprom_driver.o
 .debug_abbrev  0x00000758      0x31f src/pwm_driver.o
 .debug_abbrev  0x00000a77      0x34d src/tcc_driver.o
 .debug_abbrev  0x00000dc4      0x407 src/usart_driver.o
 .debug_abbrev  0x000011cb      0x22c src/ASF/common/utils/interrupt/interrupt_sam_nvic.o
 .debug_abbrev  0x000013f7      0x2dc src/ASF/sam0/boards/samd21_xplained_pro/board_init.o
 .debug_abbrev  0x000016d3      0x45c src/ASF/sam0/drivers/adc/adc_sam_d_r_h/adc.o
 .debug_abbrev  0x00001b2f      0x3b8 src/ASF/sam0/drivers/adc/adc_sam_d_r_h/adc_callback.o
 .debug_abbrev  0x00001ee7      0x253 src/ASF/sam0/drivers/bod/bod_sam_d_r_h/bod.o
 .debug_abbrev  0x0000213a      0x491 src/ASF/sam0/drivers/nvm/nvm.o
 .debug_abbrev  0x000025cb      0x298 src/ASF/sam0/drivers/port/port.o
 .debug_abbrev  0x00002863      0x378 src/ASF/sam0/drivers/sercom/sercom.o
 .debug_abbrev  0x00002bdb      0x2d8 src/ASF/sam0/drivers/sercom/sercom_interrupt.o
 .debug_abbrev  0x00002eb3      0x477 src/ASF/sam0/drivers/sercom/usart/usart.o
 .debug_abbrev  0x0000332a      0x416 src/ASF/sam0/drivers/sercom/usart/usart_interrupt.o
 .debug_abbrev  0x00003740      0x493 src/ASF/sam0/drivers/system/clock/clock_samd21_r21_da_ha1/clock.o
 .debug_abbrev  0x00003bd3      0x3f1 src/ASF/sam0/drivers/system/clock/clock_samd21_r21_da_ha1/gclk.o
 .debug_abbrev  0x00003fc4      0x37b src/ASF/sam0/drivers/system/pinmux/pinmux.o
 .debug_abbrev  0x0000433f      0x1e1 src/ASF/sam0/drivers/system/system.o
 .debug_abbrev  0x00004520      0x45b src/ASF/sam0/drivers/tcc/tcc.o
 .debug_abbrev  0x0000497b      0x399 src/ASF/sam0/drivers/tcc/tcc_callback.o
 .debug_abbrev  0x00004d14      0x4a1 src/ASF/sam0/services/eeprom/emulator/main_array/eeprom.o
 .debug_abbrev  0x000051b5      0x234 src/ASF/sam0/utils/cmsis/samd21/source/gcc/startup_samd21.o
 .debug_abbrev  0x000053e9      0x218 src/ASF/sam0/utils/stdio/read.o
 .debug_abbrev  0x00005601      0x203 src/ASF/sam0/utils/stdio/write.o
 .debug_abbrev  0x00005804      0x257 src/ASF/sam0/utils/syscalls/gcc/syscalls.o
 .debug_abbrev  0x00005a5b      0x497 src/main.o

.debug_loc      0x00000000     0x8b99
 .debug_loc     0x00000000      0x309 src/adc_driver.o
 .debug_loc     0x00000309      0x165 src/eeprom_driver.o
 .debug_loc     0x0000046e       0xa4 src/pwm_driver.o
 .debug_loc     0x00000512       0xe4 src/tcc_driver.o
 .debug_loc     0x000005f6      0x270 src/usart_driver.o
 .debug_loc     0x00000866       0x8b src/ASF/sam0/boards/samd21_xplained_pro/board_init.o
 .debug_loc     0x000008f1      0x891 src/ASF/sam0/drivers/adc/adc_sam_d_r_h/adc.o
 .debug_loc     0x00001182      0x34a src/ASF/sam0/drivers/adc/adc_sam_d_r_h/adc_callback.o
 .debug_loc     0x000014cc       0xbe src/ASF/sam0/drivers/bod/bod_sam_d_r_h/bod.o
 .debug_loc     0x0000158a     0x10c4 src/ASF/sam0/drivers/nvm/nvm.o
 .debug_loc     0x0000264e      0x13d src/ASF/sam0/drivers/port/port.o
 .debug_loc     0x0000278b      0x9d5 src/ASF/sam0/drivers/sercom/sercom.o
 .debug_loc     0x00003160      0x161 src/ASF/sam0/drivers/sercom/sercom_interrupt.o
 .debug_loc     0x000032c1      0xe2f src/ASF/sam0/drivers/sercom/usart/usart.o
 .debug_loc     0x000040f0      0x711 src/ASF/sam0/drivers/sercom/usart/usart_interrupt.o
 .debug_loc     0x00004801      0xf41 src/ASF/sam0/drivers/system/clock/clock_samd21_r21_da_ha1/clock.o
 .debug_loc     0x00005742      0x504 src/ASF/sam0/drivers/system/clock/clock_samd21_r21_da_ha1/gclk.o
 .debug_loc     0x00005c46      0x36d src/ASF/sam0/drivers/system/pinmux/pinmux.o
 .debug_loc     0x00005fb3       0x20 src/ASF/sam0/drivers/system/system.o
 .debug_loc     0x00005fd3     0x15d2 src/ASF/sam0/drivers/tcc/tcc.o
 .debug_loc     0x000075a5      0x245 src/ASF/sam0/drivers/tcc/tcc_callback.o
 .debug_loc     0x000077ea      0xe3a src/ASF/sam0/services/eeprom/emulator/main_array/eeprom.o
 .debug_loc     0x00008624       0x40 src/ASF/sam0/utils/cmsis/samd21/source/gcc/startup_samd21.o
 .debug_loc     0x00008664       0xca src/ASF/sam0/utils/stdio/read.o
 .debug_loc     0x0000872e      0x130 src/ASF/sam0/utils/stdio/write.o
 .debug_loc     0x0000885e       0xef src/ASF/sam0/utils/syscalls/gcc/syscalls.o
 .debug_loc     0x0000894d      0x24c src/main.o

.debug_aranges  0x00000000      0x7e8
 .debug_aranges
                0x00000000       0x28 src/adc_driver.o
 .debug_aranges
                0x00000028       0x48 src/eeprom_driver.o
 .debug_aranges
                0x00000070       0x28 src/pwm_driver.o
 .debug_aranges
                0x00000098       0x38 src/tcc_driver.o
 .debug_aranges
                0x000000d0       0x38 src/usart_driver.o
 .debug_aranges
                0x00000108       0x28 src/ASF/common/utils/interrupt/interrupt_sam_nvic.o
 .debug_aranges
                0x00000130       0x20 src/ASF/sam0/boards/samd21_xplained_pro/board_init.o
 .debug_aranges
                0x00000150       0x38 src/ASF/sam0/drivers/adc/adc_sam_d_r_h/adc.o
 .debug_aranges
                0x00000188       0x48 src/ASF/sam0/drivers/adc/adc_sam_d_r_h/adc_callback.o
 .debug_aranges
                0x000001d0       0x20 src/ASF/sam0/drivers/bod/bod_sam_d_r_h/bod.o
 .debug_aranges
                0x000001f0       0x68 src/ASF/sam0/drivers/nvm/nvm.o
 .debug_aranges
                0x00000258       0x28 src/ASF/sam0/drivers/port/port.o
 .debug_aranges
                0x00000280       0x48 src/ASF/sam0/drivers/sercom/sercom.o
 .debug_aranges
                0x000002c8       0x60 src/ASF/sam0/drivers/sercom/sercom_interrupt.o
 .debug_aranges
                0x00000328       0x40 src/ASF/sam0/drivers/sercom/usart/usart.o
 .debug_aranges
                0x00000368       0x70 src/ASF/sam0/drivers/sercom/usart/usart_interrupt.o
 .debug_aranges
                0x000003d8       0x78 src/ASF/sam0/drivers/system/clock/clock_samd21_r21_da_ha1/clock.o
 .debug_aranges
                0x00000450       0x80 src/ASF/sam0/drivers/system/clock/clock_samd21_r21_da_ha1/gclk.o
 .debug_aranges
                0x000004d0       0x40 src/ASF/sam0/drivers/system/pinmux/pinmux.o
 .debug_aranges
                0x00000510       0x28 src/ASF/sam0/drivers/system/system.o
 .debug_aranges
                0x00000538       0xb0 src/ASF/sam0/drivers/tcc/tcc.o
 .debug_aranges
                0x000005e8       0x58 src/ASF/sam0/drivers/tcc/tcc_callback.o
 .debug_aranges
                0x00000640       0x80 src/ASF/sam0/services/eeprom/emulator/main_array/eeprom.o
 .debug_aranges
                0x000006c0       0x28 src/ASF/sam0/utils/cmsis/samd21/source/gcc/startup_samd21.o
 .debug_aranges
                0x000006e8       0x20 src/ASF/sam0/utils/stdio/read.o
 .debug_aranges
                0x00000708       0x20 src/ASF/sam0/utils/stdio/write.o
 .debug_aranges
                0x00000728       0x60 src/ASF/sam0/utils/syscalls/gcc/syscalls.o
 .debug_aranges
                0x00000788       0x60 src/main.o

.debug_ranges   0x00000000      0xb78
 .debug_ranges  0x00000000       0x30 src/adc_driver.o
 .debug_ranges  0x00000030       0x38 src/eeprom_driver.o
 .debug_ranges  0x00000068       0x18 src/pwm_driver.o
 .debug_ranges  0x00000080       0x28 src/tcc_driver.o
 .debug_ranges  0x000000a8       0x28 src/usart_driver.o
 .debug_ranges  0x000000d0       0x18 src/ASF/common/utils/interrupt/interrupt_sam_nvic.o
 .debug_ranges  0x000000e8       0x10 src/ASF/sam0/boards/samd21_xplained_pro/board_init.o
 .debug_ranges  0x000000f8       0xa0 src/ASF/sam0/drivers/adc/adc_sam_d_r_h/adc.o
 .debug_ranges  0x00000198       0x50 src/ASF/sam0/drivers/adc/adc_sam_d_r_h/adc_callback.o
 .debug_ranges  0x000001e8       0x10 src/ASF/sam0/drivers/bod/bod_sam_d_r_h/bod.o
 .debug_ranges  0x000001f8      0x118 src/ASF/sam0/drivers/nvm/nvm.o
 .debug_ranges  0x00000310       0x18 src/ASF/sam0/drivers/port/port.o
 .debug_ranges  0x00000328       0x50 src/ASF/sam0/drivers/sercom/sercom.o
 .debug_ranges  0x00000378       0x50 src/ASF/sam0/drivers/sercom/sercom_interrupt.o
 .debug_ranges  0x000003c8      0x140 src/ASF/sam0/drivers/sercom/usart/usart.o
 .debug_ranges  0x00000508       0x60 src/ASF/sam0/drivers/sercom/usart/usart_interrupt.o
 .debug_ranges  0x00000568       0x68 src/ASF/sam0/drivers/system/clock/clock_samd21_r21_da_ha1/clock.o
 .debug_ranges  0x000005d0       0x88 src/ASF/sam0/drivers/system/clock/clock_samd21_r21_da_ha1/gclk.o
 .debug_ranges  0x00000658       0x30 src/ASF/sam0/drivers/system/pinmux/pinmux.o
 .debug_ranges  0x00000688       0x18 src/ASF/sam0/drivers/system/system.o
 .debug_ranges  0x000006a0      0x188 src/ASF/sam0/drivers/tcc/tcc.o
 .debug_ranges  0x00000828       0x48 src/ASF/sam0/drivers/tcc/tcc_callback.o
 .debug_ranges  0x00000870      0x230 src/ASF/sam0/services/eeprom/emulator/main_array/eeprom.o
 .debug_ranges  0x00000aa0       0x18 src/ASF/sam0/utils/cmsis/samd21/source/gcc/startup_samd21.o
 .debug_ranges  0x00000ab8       0x10 src/ASF/sam0/utils/stdio/read.o
 .debug_ranges  0x00000ac8       0x10 src/ASF/sam0/utils/stdio/write.o
 .debug_ranges  0x00000ad8       0x50 src/ASF/sam0/utils/syscalls/gcc/syscalls.o
 .debug_ranges  0x00000b28       0x50 src/main.o

.debug_macro    0x00000000    0x1eecb
 .debug_macro   0x00000000      0x67c src/adc_driver.o
 .debug_macro   0x0000067c      0x8bc src/adc_driver.o
 .debug_macro   0x00000f38      0x16d src/adc_driver.o
 .debug_macro   0x000010a5      0x64b src/adc_driver.o
 .debug_macro   0x000016f0       0x22 src/adc_driver.o
 .debug_macro   0x00001712       0x87 src/adc_driver.o
 .debug_macro   0x00001799       0x51 src/adc_driver.o
 .debug_macro   0x000017ea       0xef src/adc_driver.o
 .debug_macro   0x000018d9       0x6a src/adc_driver.o
 .debug_macro   0x00001943      0x1df src/adc_driver.o
 .debug_macro   0x00001b22       0x10 src/adc_driver.o
 .debug_macro   0x00001b32       0x76 src/adc_driver.o
 .debug_macro   0x00001ba8       0x16 src/adc_driver.o
 .debug_macro   0x00001bbe      0x6e5 src/adc_driver.o
 .debug_macro   0x000022a3      0xde2 src/adc_driver.o
 .debug_macro   0x00003085       0x22 src/adc_driver.o
 .debug_macro   0x000030a7       0x40 src/adc_driver.o
 .debug_macro   0x000030e7       0x3a src/adc_driver.o
 .debug_macro   0x00003121       0x1f src/adc_driver.o
 .debug_macro   0x00003140      0x250 src/adc_driver.o
 .debug_macro   0x00003390      0x682 src/adc_driver.o
 .debug_macro   0x00003a12      0x8bf src/adc_driver.o
 .debug_macro   0x000042d1      0x235 src/adc_driver.o
 .debug_macro   0x00004506      0xd6a src/adc_driver.o
 .debug_macro   0x00005270      0x4ce src/adc_driver.o
 .debug_macro   0x0000573e      0x9f8 src/adc_driver.o
 .debug_macro   0x00006136      0x82b src/adc_driver.o
 .debug_macro   0x00006961      0x45f src/adc_driver.o
 .debug_macro   0x00006dc0       0x5e src/adc_driver.o
 .debug_macro   0x00006e1e      0x906 src/adc_driver.o
 .debug_macro   0x00007724      0x225 src/adc_driver.o
 .debug_macro   0x00007949      0x963 src/adc_driver.o
 .debug_macro   0x000082ac       0x5e src/adc_driver.o
 .debug_macro   0x0000830a      0x671 src/adc_driver.o
 .debug_macro   0x0000897b      0x3af src/adc_driver.o
 .debug_macro   0x00008d2a      0xc7f src/adc_driver.o
 .debug_macro   0x000099a9     0x1092 src/adc_driver.o
 .debug_macro   0x0000aa3b      0xc4a src/adc_driver.o
 .debug_macro   0x0000b685      0x6bf src/adc_driver.o
 .debug_macro   0x0000bd44     0x1bc9 src/adc_driver.o
 .debug_macro   0x0000d90d     0x144a src/adc_driver.o
 .debug_macro   0x0000ed57      0x34e src/adc_driver.o
 .debug_macro   0x0000f0a5       0x7c src/adc_driver.o
 .debug_macro   0x0000f121       0xa0 src/adc_driver.o
 .debug_macro   0x0000f1c1       0x4c src/adc_driver.o
 .debug_macro   0x0000f20d       0xca src/adc_driver.o
 .debug_macro   0x0000f2d7       0x94 src/adc_driver.o
 .debug_macro   0x0000f36b       0x58 src/adc_driver.o
 .debug_macro   0x0000f3c3      0x387 src/adc_driver.o
 .debug_macro   0x0000f74a       0x82 src/adc_driver.o
 .debug_macro   0x0000f7cc      0x197 src/adc_driver.o
 .debug_macro   0x0000f963       0xb8 src/adc_driver.o
 .debug_macro   0x0000fa1b       0xa0 src/adc_driver.o
 .debug_macro   0x0000fabb       0xb8 src/adc_driver.o
 .debug_macro   0x0000fb73       0x1c src/adc_driver.o
 .debug_macro   0x0000fb8f       0x1c src/adc_driver.o
 .debug_macro   0x0000fbab       0x1c src/adc_driver.o
 .debug_macro   0x0000fbc7       0x82 src/adc_driver.o
 .debug_macro   0x0000fc49      0x161 src/adc_driver.o
 .debug_macro   0x0000fdaa       0xdc src/adc_driver.o
 .debug_macro   0x0000fe86      0x12f src/adc_driver.o
 .debug_macro   0x0000ffb5      0x12f src/adc_driver.o
 .debug_macro   0x000100e4      0x12f src/adc_driver.o
 .debug_macro   0x00010213      0x12f src/adc_driver.o
 .debug_macro   0x00010342      0x12f src/adc_driver.o
 .debug_macro   0x00010471      0x12f src/adc_driver.o
 .debug_macro   0x000105a0      0x124 src/adc_driver.o
 .debug_macro   0x000106c4       0xe2 src/adc_driver.o
 .debug_macro   0x000107a6       0xe2 src/adc_driver.o
 .debug_macro   0x00010888       0xe2 src/adc_driver.o
 .debug_macro   0x0001096a       0xe2 src/adc_driver.o
 .debug_macro   0x00010a4c       0xe2 src/adc_driver.o
 .debug_macro   0x00010b2e      0x133 src/adc_driver.o
 .debug_macro   0x00010c61      0x106 src/adc_driver.o
 .debug_macro   0x00010d67       0xfa src/adc_driver.o
 .debug_macro   0x00010e61      0x40f src/adc_driver.o
 .debug_macro   0x00011270       0x40 src/adc_driver.o
 .debug_macro   0x000112b0      0x37d src/adc_driver.o
 .debug_macro   0x0001162d     0x1e5c src/adc_driver.o
 .debug_macro   0x00013489       0x6d src/adc_driver.o
 .debug_macro   0x000134f6       0x52 src/adc_driver.o
 .debug_macro   0x00013548       0x35 src/adc_driver.o
 .debug_macro   0x0001357d       0x9c src/adc_driver.o
 .debug_macro   0x00013619       0x16 src/adc_driver.o
 .debug_macro   0x0001362f       0x35 src/adc_driver.o
 .debug_macro   0x00013664      0x330 src/adc_driver.o
 .debug_macro   0x00013994       0x10 src/adc_driver.o
 .debug_macro   0x000139a4       0x52 src/adc_driver.o
 .debug_macro   0x000139f6       0x1f src/adc_driver.o
 .debug_macro   0x00013a15       0x43 src/adc_driver.o
 .debug_macro   0x00013a58       0x20 src/adc_driver.o
 .debug_macro   0x00013a78      0x187 src/adc_driver.o
 .debug_macro   0x00013bff       0x10 src/adc_driver.o
 .debug_macro   0x00013c0f       0x1c src/adc_driver.o
 .debug_macro   0x00013c2b       0x52 src/adc_driver.o
 .debug_macro   0x00013c7d       0x40 src/adc_driver.o
 .debug_macro   0x00013cbd       0x10 src/adc_driver.o
 .debug_macro   0x00013ccd       0x40 src/adc_driver.o
 .debug_macro   0x00013d0d       0xd7 src/adc_driver.o
 .debug_macro   0x00013de4       0x16 src/adc_driver.o
 .debug_macro   0x00013dfa      0x18b src/adc_driver.o
 .debug_macro   0x00013f85       0x16 src/adc_driver.o
 .debug_macro   0x00013f9b       0x16 src/adc_driver.o
 .debug_macro   0x00013fb1       0x29 src/adc_driver.o
 .debug_macro   0x00013fda       0x51 src/adc_driver.o
 .debug_macro   0x0001402b       0x3f src/adc_driver.o
 .debug_macro   0x0001406a      0x3df src/adc_driver.o
 .debug_macro   0x00014449       0x11 src/adc_driver.o
 .debug_macro   0x0001445a       0x18 src/adc_driver.o
 .debug_macro   0x00014472       0x16 src/adc_driver.o
 .debug_macro   0x00014488       0x2e src/adc_driver.o
 .debug_macro   0x000144b6       0x19 src/adc_driver.o
 .debug_macro   0x000144cf       0x50 src/adc_driver.o
 .debug_macro   0x0001451f      0x2c6 src/adc_driver.o
 .debug_macro   0x000147e5      0x9f7 src/adc_driver.o
 .debug_macro   0x000151dc       0x11 src/adc_driver.o
 .debug_macro   0x000151ed       0x18 src/adc_driver.o
 .debug_macro   0x00015205       0xb2 src/adc_driver.o
 .debug_macro   0x000152b7       0x10 src/adc_driver.o
 .debug_macro   0x000152c7       0x57 src/adc_driver.o
 .debug_macro   0x0001531e       0x8f src/adc_driver.o
 .debug_macro   0x000153ad      0x67d src/eeprom_driver.o
 .debug_macro   0x00015a2a      0x67c src/pwm_driver.o
 .debug_macro   0x000160a6      0x67c src/tcc_driver.o
 .debug_macro   0x00016722      0x67c src/usart_driver.o
 .debug_macro   0x00016d9e      0x512 src/ASF/common/utils/interrupt/interrupt_sam_nvic.o
 .debug_macro   0x000172b0      0x54e src/ASF/sam0/boards/samd21_xplained_pro/board_init.o
 .debug_macro   0x000177fe       0x12 src/ASF/sam0/boards/samd21_xplained_pro/board_init.o
 .debug_macro   0x00017810      0x591 src/ASF/sam0/drivers/adc/adc_sam_d_r_h/adc.o
 .debug_macro   0x00017da1      0x594 src/ASF/sam0/drivers/adc/adc_sam_d_r_h/adc_callback.o
 .debug_macro   0x00018335      0x526 src/ASF/sam0/drivers/bod/bod_sam_d_r_h/bod.o
 .debug_macro   0x0001885b      0x5ad src/ASF/sam0/drivers/nvm/nvm.o
 .debug_macro   0x00018e08       0x16 src/ASF/sam0/drivers/nvm/nvm.o
 .debug_macro   0x00018e1e      0x52c src/ASF/sam0/drivers/port/port.o
 .debug_macro   0x0001934a      0x59f src/ASF/sam0/drivers/sercom/sercom.o
 .debug_macro   0x000198e9      0x59c src/ASF/sam0/drivers/sercom/sercom_interrupt.o
 .debug_macro   0x00019e85      0x5b0 src/ASF/sam0/drivers/sercom/usart/usart.o
 .debug_macro   0x0001a435       0x51 src/ASF/sam0/drivers/sercom/usart/usart.o
 .debug_macro   0x0001a486      0x5b0 src/ASF/sam0/drivers/sercom/usart/usart_interrupt.o
 .debug_macro   0x0001aa36      0x583 src/ASF/sam0/drivers/system/clock/clock_samd21_r21_da_ha1/clock.o
 .debug_macro   0x0001afb9      0x29d src/ASF/sam0/drivers/system/clock/clock_samd21_r21_da_ha1/clock.o
 .debug_macro   0x0001b256      0x548 src/ASF/sam0/drivers/system/clock/clock_samd21_r21_da_ha1/gclk.o
 .debug_macro   0x0001b79e      0x522 src/ASF/sam0/drivers/system/pinmux/pinmux.o
 .debug_macro   0x0001bcc0       0x12 src/ASF/sam0/drivers/system/pinmux/pinmux.o
 .debug_macro   0x0001bcd2      0x555 src/ASF/sam0/drivers/system/system.o
 .debug_macro   0x0001c227      0x659 src/ASF/sam0/drivers/tcc/tcc.o
 .debug_macro   0x0001c880       0x19 src/ASF/sam0/drivers/tcc/tcc.o
 .debug_macro   0x0001c899       0x74 src/ASF/sam0/drivers/tcc/tcc.o
 .debug_macro   0x0001c90d      0x58c src/ASF/sam0/drivers/tcc/tcc_callback.o
 .debug_macro   0x0001ce99      0x558 src/ASF/sam0/services/eeprom/emulator/main_array/eeprom.o
 .debug_macro   0x0001d3f1       0x4a src/ASF/sam0/services/eeprom/emulator/main_array/eeprom.o
 .debug_macro   0x0001d43b      0x2f9 src/ASF/sam0/utils/cmsis/samd21/source/gcc/startup_samd21.o
 .debug_macro   0x0001d734       0x3a src/ASF/sam0/utils/cmsis/samd21/source/gcc/startup_samd21.o
 .debug_macro   0x0001d76e      0x512 src/ASF/sam0/utils/stdio/read.o
 .debug_macro   0x0001dc80      0x512 src/ASF/sam0/utils/stdio/write.o
 .debug_macro   0x0001e192      0x1d6 src/ASF/sam0/utils/syscalls/gcc/syscalls.o
 .debug_macro   0x0001e368       0x4c src/ASF/sam0/utils/syscalls/gcc/syscalls.o
 .debug_macro   0x0001e3b4       0x8d src/ASF/sam0/utils/syscalls/gcc/syscalls.o
 .debug_macro   0x0001e441       0x57 src/ASF/sam0/utils/syscalls/gcc/syscalls.o
 .debug_macro   0x0001e498       0x97 src/ASF/sam0/utils/syscalls/gcc/syscalls.o
 .debug_macro   0x0001e52f       0xf6 src/ASF/sam0/utils/syscalls/gcc/syscalls.o
 .debug_macro   0x0001e625       0x4c src/ASF/sam0/utils/syscalls/gcc/syscalls.o
 .debug_macro   0x0001e671       0x16 src/ASF/sam0/utils/syscalls/gcc/syscalls.o
 .debug_macro   0x0001e687       0x10 src/ASF/sam0/utils/syscalls/gcc/syscalls.o
 .debug_macro   0x0001e697       0x10 src/ASF/sam0/utils/syscalls/gcc/syscalls.o
 .debug_macro   0x0001e6a7       0x35 src/ASF/sam0/utils/syscalls/gcc/syscalls.o
 .debug_macro   0x0001e6dc      0x122 src/ASF/sam0/utils/syscalls/gcc/syscalls.o
 .debug_macro   0x0001e7fe      0x6cd src/main.o

.debug_line     0x00000000    0x1355d
 .debug_line    0x00000000      0xe07 src/adc_driver.o
 .debug_line    0x00000e07      0xe09 src/eeprom_driver.o
 .debug_line    0x00001c10      0xd8a src/pwm_driver.o
 .debug_line    0x0000299a      0xdaa src/tcc_driver.o
 .debug_line    0x00003744      0xe1f src/usart_driver.o
 .debug_line    0x00004563      0x86c src/ASF/common/utils/interrupt/interrupt_sam_nvic.o
 .debug_line    0x00004dcf      0x913 src/ASF/sam0/boards/samd21_xplained_pro/board_init.o
 .debug_line    0x000056e2      0xce3 src/ASF/sam0/drivers/adc/adc_sam_d_r_h/adc.o
 .debug_line    0x000063c5      0xba2 src/ASF/sam0/drivers/adc/adc_sam_d_r_h/adc_callback.o
 .debug_line    0x00006f67      0x88e src/ASF/sam0/drivers/bod/bod_sam_d_r_h/bod.o
 .debug_line    0x000077f5      0xd8f src/ASF/sam0/drivers/nvm/nvm.o
 .debug_line    0x00008584      0x898 src/ASF/sam0/drivers/port/port.o
 .debug_line    0x00008e1c      0xb72 src/ASF/sam0/drivers/sercom/sercom.o
 .debug_line    0x0000998e      0xb15 src/ASF/sam0/drivers/sercom/sercom_interrupt.o
 .debug_line    0x0000a4a3      0xcdc src/ASF/sam0/drivers/sercom/usart/usart.o
 .debug_line    0x0000b17f      0xc6a src/ASF/sam0/drivers/sercom/usart/usart_interrupt.o
 .debug_line    0x0000bde9      0xc21 src/ASF/sam0/drivers/system/clock/clock_samd21_r21_da_ha1/clock.o
 .debug_line    0x0000ca0a      0xc14 src/ASF/sam0/drivers/system/clock/clock_samd21_r21_da_ha1/gclk.o
 .debug_line    0x0000d61e      0x8e5 src/ASF/sam0/drivers/system/pinmux/pinmux.o
 .debug_line    0x0000df03      0x98f src/ASF/sam0/drivers/system/system.o
 .debug_line    0x0000e892      0xdf2 src/ASF/sam0/drivers/tcc/tcc.o
 .debug_line    0x0000f684      0xa55 src/ASF/sam0/drivers/tcc/tcc_callback.o
 .debug_line    0x000100d9      0xb6e src/ASF/sam0/services/eeprom/emulator/main_array/eeprom.o
 .debug_line    0x00010c47      0x5ea src/ASF/sam0/utils/cmsis/samd21/source/gcc/startup_samd21.o
 .debug_line    0x00011231      0x849 src/ASF/sam0/utils/stdio/read.o
 .debug_line    0x00011a7a      0x83d src/ASF/sam0/utils/stdio/write.o
 .debug_line    0x000122b7      0x39e src/ASF/sam0/utils/syscalls/gcc/syscalls.o
 .debug_line    0x00012655      0xf08 src/main.o

.debug_str      0x00000000    0x91b9f
 .debug_str     0x00000000    0x87e45 src/adc_driver.o
                              0x88882 (size before relaxing)
 .debug_str     0x00087e45      0x6cf src/eeprom_driver.o
                              0x883d5 (size before relaxing)
 .debug_str     0x00088514      0xed3 src/pwm_driver.o
                              0x888ef (size before relaxing)
 .debug_str     0x000893e7       0xc2 src/tcc_driver.o
                              0x8892e (size before relaxing)
 .debug_str     0x000894a9      0xddb src/usart_driver.o
                              0x88ba6 (size before relaxing)
 .debug_str     0x0008a284       0xe8 src/ASF/common/utils/interrupt/interrupt_sam_nvic.o
                              0x8221f (size before relaxing)
 .debug_str     0x0008a36c      0x31f src/ASF/sam0/boards/samd21_xplained_pro/board_init.o
                              0x85f13 (size before relaxing)
 .debug_str     0x0008a68b      0x52a src/ASF/sam0/drivers/adc/adc_sam_d_r_h/adc.o
                              0x841aa (size before relaxing)
 .debug_str     0x0008abb5      0x166 src/ASF/sam0/drivers/adc/adc_sam_d_r_h/adc_callback.o
                              0x82f75 (size before relaxing)
 .debug_str     0x0008ad1b       0x30 src/ASF/sam0/drivers/bod/bod_sam_d_r_h/bod.o
                              0x82ad6 (size before relaxing)
 .debug_str     0x0008ad4b      0xccb src/ASF/sam0/drivers/nvm/nvm.o
                              0x839eb (size before relaxing)
 .debug_str     0x0008ba16       0x5e src/ASF/sam0/drivers/port/port.o
                              0x8264b (size before relaxing)
 .debug_str     0x0008ba74      0x382 src/ASF/sam0/drivers/sercom/sercom.o
                              0x83912 (size before relaxing)
 .debug_str     0x0008bdf6      0x17b src/ASF/sam0/drivers/sercom/sercom_interrupt.o
                              0x837ad (size before relaxing)
 .debug_str     0x0008bf71      0x376 src/ASF/sam0/drivers/sercom/usart/usart.o
                              0x846cb (size before relaxing)
 .debug_str     0x0008c2e7      0x164 src/ASF/sam0/drivers/sercom/usart/usart_interrupt.o
                              0x83911 (size before relaxing)
 .debug_str     0x0008c44b     0x2318 src/ASF/sam0/drivers/system/clock/clock_samd21_r21_da_ha1/clock.o
                              0x853e2 (size before relaxing)
 .debug_str     0x0008e763      0x1f2 src/ASF/sam0/drivers/system/clock/clock_samd21_r21_da_ha1/gclk.o
                              0x82ee2 (size before relaxing)
 .debug_str     0x0008e955      0x179 src/ASF/sam0/drivers/system/pinmux/pinmux.o
                              0x826c1 (size before relaxing)
 .debug_str     0x0008eace       0x47 src/ASF/sam0/drivers/system/system.o
                              0x822fc (size before relaxing)
 .debug_str     0x0008eb15     0x125d src/ASF/sam0/drivers/tcc/tcc.o
                              0x856ff (size before relaxing)
 .debug_str     0x0008fd72      0x191 src/ASF/sam0/drivers/tcc/tcc_callback.o
                              0x83bde (size before relaxing)
 .debug_str     0x0008ff03      0x474 src/ASF/sam0/services/eeprom/emulator/main_array/eeprom.o
                              0x83059 (size before relaxing)
 .debug_str     0x00090377      0xf17 src/ASF/sam0/utils/cmsis/samd21/source/gcc/startup_samd21.o
                              0x6e38a (size before relaxing)
 .debug_str     0x0009128e       0x2a src/ASF/sam0/utils/stdio/read.o
                              0x821c6 (size before relaxing)
 .debug_str     0x000912b8       0x24 src/ASF/sam0/utils/stdio/write.o
                              0x821c7 (size before relaxing)
 .debug_str     0x000912dc      0x75b src/ASF/sam0/utils/syscalls/gcc/syscalls.o
                               0x7238 (size before relaxing)
 .debug_str     0x00091a37      0x168 src/main.o
                              0x88ba0 (size before relaxing)

.debug_frame    0x00000000     0x1c50
 .debug_frame   0x00000000       0x48 src/adc_driver.o
 .debug_frame   0x00000048       0x9c src/eeprom_driver.o
 .debug_frame   0x000000e4       0x48 src/pwm_driver.o
 .debug_frame   0x0000012c       0x78 src/tcc_driver.o
 .debug_frame   0x000001a4       0x84 src/usart_driver.o
 .debug_frame   0x00000228       0x30 src/ASF/common/utils/interrupt/interrupt_sam_nvic.o
 .debug_frame   0x00000258       0x30 src/ASF/sam0/boards/samd21_xplained_pro/board_init.o
 .debug_frame   0x00000288       0x98 src/ASF/sam0/drivers/adc/adc_sam_d_r_h/adc.o
 .debug_frame   0x00000320       0x84 src/ASF/sam0/drivers/adc/adc_sam_d_r_h/adc_callback.o
 .debug_frame   0x000003a4       0x28 src/ASF/sam0/drivers/bod/bod_sam_d_r_h/bod.o
 .debug_frame   0x000003cc      0x12c src/ASF/sam0/drivers/nvm/nvm.o
 .debug_frame   0x000004f8       0x44 src/ASF/sam0/drivers/port/port.o
 .debug_frame   0x0000053c       0xbc src/ASF/sam0/drivers/sercom/sercom.o
 .debug_frame   0x000005f8       0xe8 src/ASF/sam0/drivers/sercom/sercom_interrupt.o
 .debug_frame   0x000006e0       0xac src/ASF/sam0/drivers/sercom/usart/usart.o
 .debug_frame   0x0000078c      0x110 src/ASF/sam0/drivers/sercom/usart/usart_interrupt.o
 .debug_frame   0x0000089c      0x150 src/ASF/sam0/drivers/system/clock/clock_samd21_r21_da_ha1/clock.o
 .debug_frame   0x000009ec      0x148 src/ASF/sam0/drivers/system/clock/clock_samd21_r21_da_ha1/gclk.o
 .debug_frame   0x00000b34       0x98 src/ASF/sam0/drivers/system/pinmux/pinmux.o
 .debug_frame   0x00000bcc       0x38 src/ASF/sam0/drivers/system/system.o
 .debug_frame   0x00000c04      0x21c src/ASF/sam0/drivers/tcc/tcc.o
 .debug_frame   0x00000e20       0xd4 src/ASF/sam0/drivers/tcc/tcc_callback.o
 .debug_frame   0x00000ef4      0x1b8 src/ASF/sam0/services/eeprom/emulator/main_array/eeprom.o
 .debug_frame   0x000010ac       0x40 src/ASF/sam0/utils/cmsis/samd21/source/gcc/startup_samd21.o
 .debug_frame   0x000010ec       0x34 src/ASF/sam0/utils/stdio/read.o
 .debug_frame   0x00001120       0x34 src/ASF/sam0/utils/stdio/write.o
 .debug_frame   0x00001154       0xa0 src/ASF/sam0/utils/syscalls/gcc/syscalls.o
 .debug_frame   0x000011f4       0xf0 src/main.o
 .debug_frame   0x000012e4       0x20 d:/atmel/7.0/toolchain/arm/arm-gnu-toolchain/bin/../lib/gcc/arm-none-eabi/6.2.1/thumb/v6-m\libgcc.a(_udivsi3.o)
 .debug_frame   0x00001304       0x34 d:/atmel/7.0/toolchain/arm/arm-gnu-toolchain/bin/../lib/gcc/arm-none-eabi/6.2.1/thumb/v6-m\libgcc.a(_muldi3.o)
 .debug_frame   0x00001338       0x20 d:/atmel/7.0/toolchain/arm/arm-gnu-toolchain/bin/../lib/gcc/arm-none-eabi/6.2.1/thumb/v6-m\libgcc.a(fixsfsi.o)
 .debug_frame   0x00001358       0x3c d:/atmel/7.0/toolchain/arm/arm-gnu-toolchain/bin/../lib/gcc/arm-none-eabi/6.2.1/thumb/v6-m\libgcc.a(muldf3.o)
 .debug_frame   0x00001394       0x38 d:/atmel/7.0/toolchain/arm/arm-gnu-toolchain/bin/../lib/gcc/arm-none-eabi/6.2.1/thumb/v6-m\libgcc.a(subdf3.o)
 .debug_frame   0x000013cc       0x28 d:/atmel/7.0/toolchain/arm/arm-gnu-toolchain/bin/../lib/gcc/arm-none-eabi/6.2.1/thumb/v6-m\libgcc.a(floatunsidf.o)
 .debug_frame   0x000013f4       0x30 d:/atmel/7.0/toolchain/arm/arm-gnu-toolchain/bin/../lib/gcc/arm-none-eabi/6.2.1/thumb/v6-m\libgcc.a(truncdfsf2.o)
 .debug_frame   0x00001424       0x2c d:/atmel/7.0/toolchain/arm/arm-gnu-toolchain/bin/../lib/gcc/arm-none-eabi/6.2.1/../../../../arm-none-eabi/lib/thumb/v6-m\libc_nano.a(lib_a-init.o)
 .debug_frame   0x00001450       0x40 d:/atmel/7.0/toolchain/arm/arm-gnu-toolchain/bin/../lib/gcc/arm-none-eabi/6.2.1/../../../../arm-none-eabi/lib/thumb/v6-m\libc_nano.a(lib_a-malloc.o)
 .debug_frame   0x00001490       0x28 d:/atmel/7.0/toolchain/arm/arm-gnu-toolchain/bin/../lib/gcc/arm-none-eabi/6.2.1/../../../../arm-none-eabi/lib/thumb/v6-m\libc_nano.a(lib_a-memcpy-stub.o)
 .debug_frame   0x000014b8       0x20 d:/atmel/7.0/toolchain/arm/arm-gnu-toolchain/bin/../lib/gcc/arm-none-eabi/6.2.1/../../../../arm-none-eabi/lib/thumb/v6-m\libc_nano.a(lib_a-memset.o)
 .debug_frame   0x000014d8       0x2c d:/atmel/7.0/toolchain/arm/arm-gnu-toolchain/bin/../lib/gcc/arm-none-eabi/6.2.1/../../../../arm-none-eabi/lib/thumb/v6-m\libc_nano.a(lib_a-nano-freer.o)
 .debug_frame   0x00001504       0x2c d:/atmel/7.0/toolchain/arm/arm-gnu-toolchain/bin/../lib/gcc/arm-none-eabi/6.2.1/../../../../arm-none-eabi/lib/thumb/v6-m\libc_nano.a(lib_a-nano-mallocr.o)